Configuration.c:31:6:Configuration_Init	8	static
Configuration.c:83:6:Configuration_Process	8	static
Configuration.c:118:10:Configuration_GetModbusAddress	0	static
Configuration.c:131:10:Configuration_GetBaudRate	0	static
Configuration.c:135:10:Configuration_IsBaudRate19200	0	static
Configuration.c:145:10:Configuration_GetParity	0	static
Configuration.c:155:10:Configuration_GetStopBits	0	static
Configuration.c:165:10:Configuration_GetWordLength	0	static
Configuration.c:175:10:Configuration_GetMessageLength	0	static
Configuration.c:186:10:Configuration_GetFaultRelayMap	8	static
Configuration.c:190:19:Configuration_SetFaultRelayMap	8	static
Configuration.c:214:10:Configuration_GetFailsafeRelayEnable	8	static
Configuration.c:218:19:Configuration_SetFailsafeRelayEnable	8	static
Configuration.c:242:10:Configuration_GetParameterUnlockCode	0	static
Configuration.c:246:19:Configuration_SetParameterUnlockCode	0	static
Configuration.c:273:19:Configuration_SetManualOverrideEnabled	0	static
Configuration.c:288:10:Configuration_GetManualOverrideEnabled	0	static
Configuration.c:293:19:Configuration_SetGreenLED	8	static
Configuration.c:310:19:Configuration_SetRedLED	8	static
Configuration.c:327:19:Configuration_SetAmberLED	8	static
Configuration.c:344:10:Configuration_GetGreenLED	0	static
Configuration.c:348:10:Configuration_GetRedLED	0	static
Configuration.c:352:10:Configuration_GetAmberLED	0	static
Configuration.c:357:10:Configuration_GetSwitches	8	static
Configuration.c:372:10:Configuration_GetMajorVersion	0	static
Configuration.c:376:10:Configuration_GetMinorVersion	0	static
Configuration.c:380:10:Configuration_GetBuildVersion	0	static
Configuration.c:391:19:Configuration_SetRestart	0	static
Configuration.c:405:10:Configuration_GetRestart	0	static
Configuration.c:416:19:Configuration_SetFactoryReset	0	static
Configuration.c:430:10:Configuration_GetFactoryReset	0	static
