ModbusSlave.c:79:23:ModbusSlave_GetFIFO	0	static
ModbusSlave.c:91:6:ModbusSlave_Init	24	static
ModbusSlave.c:155:6:ModbusByte_IncomingMsgTimeoutFlag	0	static
ModbusSlave.c:169:6:ModbusByte_ContiguousDataTimeoutFlag	0	static
ModbusSlave.c:185:6:ModbusSlave_ConvertToModbusByte	0	static
ModbusSlave.c:262:6:ModbusSlave_SetupTimerValues	0	static
ModbusSlave.c:130:6:ModbusSlave_Debug_StartTimer	8	static
ModbusSlave.c:208:6:ModbusSlave_UART_RxISR_8BIT	16	static
ModbusSlave.c:279:19:ModbusSlave_UART_Receive_IT	0	static
ModbusSlave.c:321:6:ModbusSlave_PrepareForInput	8	static
ModbusSlave.c:365:6:ModbusSlave_PrepareForOutput	8	static
ModbusSlave.c:416:6:HAL_UART_TxCpltCallback	0	static
ModbusSlave.c:436:6:ModbusSlave_CheckCRC	16	static
ModbusSlave.c:479:6:ModbusSlave_CollectInput	40	static
ModbusSlave.c:581:19:ModbusFunction_Exception	16	static
ModbusSlave.c:604:19:ModbusFunction_WriteRegisters	48	static
ModbusSlave.c:697:19:ModbusFunction_WriteRegister	40	static
ModbusSlave.c:762:19:ModbusFunction_ReadRegisters	40	static
ModbusSlave.c:848:14:ModbusFunction_AppendObject	32	static
ModbusSlave.c:906:19:ModbusFunction_ReadDeviceIdentification	56	static
ModbusSlave.c:1064:10:ModbusSlave_BuildFrame	24	static
ModbusSlave.c:1128:6:ModbusSlave_BuildResponse	296	static
ModbusSlave.c:1230:6:ModbusSlave_CommunicationFaultProcess	8	static
ModbusSlave.c:1255:6:ModbusSlave_VerifyUSARTReady	0	static
ModbusSlave.c:1300:6:ModbusSlave_Process	24	static
ModbusSlave.c:1411:6:HAL_TIM_OC_DelayElapsedCallback	8	static
ModbusSlave.c:1416:6:HAL_TIM_PeriodElapsedCallback	8	static
