stm32l4xx_hal_msp.c:65:6:HAL_MspInit	24	static
stm32l4xx_hal_msp.c:97:6:HAL_ADC_MspInit	40	static
stm32l4xx_hal_msp.c:149:6:HAL_ADC_MspDeInit	8	static
stm32l4xx_hal_msp.c:180:6:HAL_CRC_MspInit	8	static
stm32l4xx_hal_msp.c:202:6:HAL_CRC_MspDeInit	0	static
stm32l4xx_hal_msp.c:224:6:HAL_SPI_MspInit	40	static
stm32l4xx_hal_msp.c:264:6:HAL_SPI_MspDeInit	8	static
stm32l4xx_hal_msp.c:296:6:HAL_TIM_Base_MspInit	8	static
stm32l4xx_hal_msp.c:318:6:HAL_TIM_Base_MspDeInit	0	static
stm32l4xx_hal_msp.c:340:6:HAL_UART_MspInit	48	static
stm32l4xx_hal_msp.c:420:6:HAL_UART_MspDeInit	8	static
