Archive member included to satisfy reference by file (symbol)

c:/program files (x86)/gnu tools arm embedded/5.4 2016q3/bin/../lib/gcc/arm-none-eabi/5.4.1/../../../../arm-none-eabi/lib/armv7e-m/fpu\libc_nano.a(lib_a-errno.o)
                              ./Src/syscalls.o (__errno)
c:/program files (x86)/gnu tools arm embedded/5.4 2016q3/bin/../lib/gcc/arm-none-eabi/5.4.1/../../../../arm-none-eabi/lib/armv7e-m/fpu\libc_nano.a(lib_a-exit.o)
                              c:/program files (x86)/gnu tools arm embedded/5.4 2016q3/bin/../lib/gcc/arm-none-eabi/5.4.1/../../../../arm-none-eabi/lib/armv7e-m/fpu/crt0.o (exit)
c:/program files (x86)/gnu tools arm embedded/5.4 2016q3/bin/../lib/gcc/arm-none-eabi/5.4.1/../../../../arm-none-eabi/lib/armv7e-m/fpu\libc_nano.a(lib_a-impure.o)
                              c:/program files (x86)/gnu tools arm embedded/5.4 2016q3/bin/../lib/gcc/arm-none-eabi/5.4.1/../../../../arm-none-eabi/lib/armv7e-m/fpu\libc_nano.a(lib_a-exit.o) (_global_impure_ptr)
c:/program files (x86)/gnu tools arm embedded/5.4 2016q3/bin/../lib/gcc/arm-none-eabi/5.4.1/../../../../arm-none-eabi/lib/armv7e-m/fpu\libc_nano.a(lib_a-init.o)
                              c:/program files (x86)/gnu tools arm embedded/5.4 2016q3/bin/../lib/gcc/arm-none-eabi/5.4.1/../../../../arm-none-eabi/lib/armv7e-m/fpu/crt0.o (__libc_init_array)
c:/program files (x86)/gnu tools arm embedded/5.4 2016q3/bin/../lib/gcc/arm-none-eabi/5.4.1/../../../../arm-none-eabi/lib/armv7e-m/fpu\libc_nano.a(lib_a-memcmp.o)
                              ./Src/EEPROM.o (memcmp)
c:/program files (x86)/gnu tools arm embedded/5.4 2016q3/bin/../lib/gcc/arm-none-eabi/5.4.1/../../../../arm-none-eabi/lib/armv7e-m/fpu\libc_nano.a(lib_a-memcpy-stub.o)
                              ./Src/ByteFIFO.o (memcpy)
c:/program files (x86)/gnu tools arm embedded/5.4 2016q3/bin/../lib/gcc/arm-none-eabi/5.4.1/../../../../arm-none-eabi/lib/armv7e-m/fpu\libc_nano.a(lib_a-memset.o)
                              c:/program files (x86)/gnu tools arm embedded/5.4 2016q3/bin/../lib/gcc/arm-none-eabi/5.4.1/../../../../arm-none-eabi/lib/armv7e-m/fpu/crt0.o (memset)
c:/program files (x86)/gnu tools arm embedded/5.4 2016q3/bin/../lib/gcc/arm-none-eabi/5.4.1/../../../../arm-none-eabi/lib/armv7e-m/fpu\libc_nano.a(lib_a-printf.o)
                              ./Src/Command.o (printf)
c:/program files (x86)/gnu tools arm embedded/5.4 2016q3/bin/../lib/gcc/arm-none-eabi/5.4.1/../../../../arm-none-eabi/lib/armv7e-m/fpu\libc_nano.a(lib_a-putchar.o)
                              ./Src/Command.o (putchar)
c:/program files (x86)/gnu tools arm embedded/5.4 2016q3/bin/../lib/gcc/arm-none-eabi/5.4.1/../../../../arm-none-eabi/lib/armv7e-m/fpu\libc_nano.a(lib_a-setvbuf.o)
                              ./Src/main.o (setvbuf)
c:/program files (x86)/gnu tools arm embedded/5.4 2016q3/bin/../lib/gcc/arm-none-eabi/5.4.1/../../../../arm-none-eabi/lib/armv7e-m/fpu\libc_nano.a(lib_a-strlen.o)
                              ./Src/ModbusDataModel.o (strlen)
c:/program files (x86)/gnu tools arm embedded/5.4 2016q3/bin/../lib/gcc/arm-none-eabi/5.4.1/../../../../arm-none-eabi/lib/armv7e-m/fpu\libc_nano.a(lib_a-fflush.o)
                              c:/program files (x86)/gnu tools arm embedded/5.4 2016q3/bin/../lib/gcc/arm-none-eabi/5.4.1/../../../../arm-none-eabi/lib/armv7e-m/fpu\libc_nano.a(lib_a-setvbuf.o) (_fflush_r)
c:/program files (x86)/gnu tools arm embedded/5.4 2016q3/bin/../lib/gcc/arm-none-eabi/5.4.1/../../../../arm-none-eabi/lib/armv7e-m/fpu\libc_nano.a(lib_a-findfp.o)
                              c:/program files (x86)/gnu tools arm embedded/5.4 2016q3/bin/../lib/gcc/arm-none-eabi/5.4.1/../../../../arm-none-eabi/lib/armv7e-m/fpu\libc_nano.a(lib_a-printf.o) (__sinit)
c:/program files (x86)/gnu tools arm embedded/5.4 2016q3/bin/../lib/gcc/arm-none-eabi/5.4.1/../../../../arm-none-eabi/lib/armv7e-m/fpu\libc_nano.a(lib_a-fwalk.o)
                              c:/program files (x86)/gnu tools arm embedded/5.4 2016q3/bin/../lib/gcc/arm-none-eabi/5.4.1/../../../../arm-none-eabi/lib/armv7e-m/fpu\libc_nano.a(lib_a-findfp.o) (_fwalk)
c:/program files (x86)/gnu tools arm embedded/5.4 2016q3/bin/../lib/gcc/arm-none-eabi/5.4.1/../../../../arm-none-eabi/lib/armv7e-m/fpu\libc_nano.a(lib_a-makebuf.o)
                              c:/program files (x86)/gnu tools arm embedded/5.4 2016q3/bin/../lib/gcc/arm-none-eabi/5.4.1/../../../../arm-none-eabi/lib/armv7e-m/fpu\libc_nano.a(lib_a-setvbuf.o) (__swhatbuf_r)
c:/program files (x86)/gnu tools arm embedded/5.4 2016q3/bin/../lib/gcc/arm-none-eabi/5.4.1/../../../../arm-none-eabi/lib/armv7e-m/fpu\libc_nano.a(lib_a-malloc.o)
                              c:/program files (x86)/gnu tools arm embedded/5.4 2016q3/bin/../lib/gcc/arm-none-eabi/5.4.1/../../../../arm-none-eabi/lib/armv7e-m/fpu\libc_nano.a(lib_a-setvbuf.o) (malloc)
[...]
Memory Configuration

Name             Origin             Length             Attributes
RAM              0x20000000         0x00010000         xrw
FLASH            0x08000000         0x00020000         xr
*default*        0x00000000         0xffffffff

Linker script and memory map

LOAD c:/program files (x86)/gnu tools arm embedded/5.4 2016q3/bin/../lib/gcc/arm-none-eabi/5.4.1/armv7e-m/fpu/crti.o
LOAD c:/program files (x86)/gnu tools arm embedded/5.4 2016q3/bin/../lib/gcc/arm-none-eabi/5.4.1/armv7e-m/fpu/crtbegin.o
LOAD c:/program files (x86)/gnu tools arm embedded/5.4 2016q3/bin/../lib/gcc/arm-none-eabi/5.4.1/../../../../arm-none-eabi/lib/armv7e-m/fpu/crt0.o
LOAD ./Drivers/STM32L4xx_HAL_Driver/Src/stm32l4xx_hal.o
LOAD ./Drivers/STM32L4xx_HAL_Driver/Src/stm32l4xx_hal_adc.o
LOAD ./Drivers/STM32L4xx_HAL_Driver/Src/stm32l4xx_hal_adc_ex.o
LOAD ./Drivers/STM32L4xx_HAL_Driver/Src/stm32l4xx_hal_cortex.o
LOAD ./Drivers/STM32L4xx_HAL_Driver/Src/stm32l4xx_hal_crc.o
LOAD ./Drivers/STM32L4xx_HAL_Driver/Src/stm32l4xx_hal_crc_ex.o
LOAD ./Drivers/STM32L4xx_HAL_Driver/Src/stm32l4xx_hal_dma.o
LOAD ./Drivers/STM32L4xx_HAL_Driver/Src/stm32l4xx_hal_dma_ex.o
LOAD ./Drivers/STM32L4xx_HAL_Driver/Src/stm32l4xx_hal_exti.o
LOAD ./Drivers/STM32L4xx_HAL_Driver/Src/stm32l4xx_hal_flash.o
LOAD ./Drivers/STM32L4xx_HAL_Driver/Src/stm32l4xx_hal_flash_ex.o
LOAD ./Drivers/STM32L4xx_HAL_Driver/Src/stm32l4xx_hal_flash_ramfunc.o
LOAD ./Drivers/STM32L4xx_HAL_Driver/Src/stm32l4xx_hal_gpio.o
LOAD ./Drivers/STM32L4xx_HAL_Driver/Src/stm32l4xx_hal_i2c.o
LOAD ./Drivers/STM32L4xx_HAL_Driver/Src/stm32l4xx_hal_i2c_ex.o
LOAD ./Drivers/STM32L4xx_HAL_Driver/Src/stm32l4xx_hal_iwdg.o
LOAD ./Drivers/STM32L4xx_HAL_Driver/Src/stm32l4xx_hal_pwr.o
LOAD ./Drivers/STM32L4xx_HAL_Driver/Src/stm32l4xx_hal_pwr_ex.o
LOAD ./Drivers/STM32L4xx_HAL_Driver/Src/stm32l4xx_hal_rcc.o
LOAD ./Drivers/STM32L4xx_HAL_Driver/Src/stm32l4xx_hal_rcc_ex.o
LOAD ./Drivers/STM32L4xx_HAL_Driver/Src/stm32l4xx_hal_spi.o
LOAD ./Drivers/STM32L4xx_HAL_Driver/Src/stm32l4xx_hal_spi_ex.o
LOAD ./Drivers/STM32L4xx_HAL_Driver/Src/stm32l4xx_hal_tim.o
LOAD ./Drivers/STM32L4xx_HAL_Driver/Src/stm32l4xx_hal_tim_ex.o
LOAD ./Drivers/STM32L4xx_HAL_Driver/Src/stm32l4xx_hal_uart.o
LOAD ./Drivers/STM32L4xx_HAL_Driver/Src/stm32l4xx_hal_uart_ex.o
LOAD ./Src/ADC.o
LOAD ./Src/ByteFIFO.o
LOAD ./Src/CRC.o
LOAD ./Src/Command.o
LOAD ./Src/Configuration.o
LOAD ./Src/DRV8860.o
LOAD ./Src/Debug.o
LOAD ./Src/EEPROM.o
LOAD ./Src/Fault.o
LOAD ./Src/LED.o
LOAD ./Src/ModbusDataModel.o
LOAD ./Src/ModbusSlave.o
LOAD ./Src/OptionByte.o
LOAD ./Src/RAMIntegrity.o
LOAD ./Src/Relay.o
LOAD ./Src/SPIFlash.o
LOAD ./Src/Switches.o
LOAD ./Src/UART.o
LOAD ./Src/UUID.o
LOAD ./Src/delay.o
LOAD ./Src/main.o
LOAD ./Src/stm32l4xx_hal_msp.o
LOAD ./Src/stm32l4xx_it.o
LOAD ./Src/syscalls.o
LOAD ./Src/sysmem.o
LOAD ./Src/system_stm32l4xx.o
LOAD ./Startup/startup_stm32l431rbtx.o
START GROUP
LOAD c:/program files (x86)/gnu tools arm embedded/5.4 2016q3/bin/../lib/gcc/arm-none-eabi/5.4.1/../../../../arm-none-eabi/lib/armv7e-m/fpu\libc_nano.a
LOAD c:/program files (x86)/gnu tools arm embedded/5.4 2016q3/bin/../lib/gcc/arm-none-eabi/5.4.1/../../../../arm-none-eabi/lib/armv7e-m/fpu\libm.a
END GROUP
START GROUP
LOAD c:/program files (x86)/gnu tools arm embedded/5.4 2016q3/bin/../lib/gcc/arm-none-eabi/5.4.1/armv7e-m/fpu\libgcc.a
LOAD c:/program files (x86)/gnu tools arm embedded/5.4 2016q3/bin/../lib/gcc/arm-none-eabi/5.4.1/../../../../arm-none-eabi/lib/armv7e-m/fpu\libc_nano.a
END GROUP
START GROUP
LOAD c:/program files (x86)/gnu tools arm embedded/5.4 2016q3/bin/../lib/gcc/arm-none-eabi/5.4.1/armv7e-m/fpu\libgcc.a
LOAD c:/program files (x86)/gnu tools arm embedded/5.4 2016q3/bin/../lib/gcc/arm-none-eabi/5.4.1/../../../../arm-none-eabi/lib/armv7e-m/fpu\libc_nano.a
LOAD c:/program files (x86)/gnu tools arm embedded/5.4 2016q3/bin/../lib/gcc/arm-none-eabi/5.4.1/../../../../arm-none-eabi/lib/armv7e-m/fpu\libnosys.a
END GROUP
START GROUP
LOAD c:/program files (x86)/gnu tools arm embedded/5.4 2016q3/bin/../lib/gcc/arm-none-eabi/5.4.1/armv7e-m/fpu\libgcc.a
LOAD c:/program files (x86)/gnu tools arm embedded/5.4 2016q3/bin/../lib/gcc/arm-none-eabi/5.4.1/../../../../arm-none-eabi/lib/armv7e-m/fpu\libc_nano.a
LOAD c:/program files (x86)/gnu tools arm embedded/5.4 2016q3/bin/../lib/gcc/arm-none-eabi/5.4.1/../../../../arm-none-eabi/lib/armv7e-m/fpu\libnosys.a
END GROUP
LOAD c:/program files (x86)/gnu tools arm embedded/5.4 2016q3/bin/../lib/gcc/arm-none-eabi/5.4.1/armv7e-m/fpu/crtend.o
LOAD c:/program files (x86)/gnu tools arm embedded/5.4 2016q3/bin/../lib/gcc/arm-none-eabi/5.4.1/armv7e-m/fpu/crtn.o
                0x20010000                _estack = (ORIGIN (RAM) + LENGTH (RAM))
                0x00000200                _Min_Heap_Size = 0x200
                0x00000400                _Min_Stack_Size = 0x400

.isr_vector     0x08000000      0x18c
                0x08000000                . = ALIGN (0x4)
 *(.isr_vector)
 .isr_vector    0x08000000      0x18c ./Startup/startup_stm32l431rbtx.o
                0x08000000                g_pfnVectors
                0x0800018c                . = ALIGN (0x4)

.text           0x08000190     0x90a8
                0x08000190                . = ALIGN (0x4)
 *(.text)
 .text          0x08000190       0x5c c:/program files (x86)/gnu tools arm embedded/5.4 2016q3/bin/../lib/gcc/arm-none-eabi/5.4.1/armv7e-m/fpu/crtbegin.o
 .text          0x080001ec       0x10 c:/program files (x86)/gnu tools arm embedded/5.4 2016q3/bin/../lib/gcc/arm-none-eabi/5.4.1/../../../../arm-none-eabi/lib/armv7e-m/fpu\libc_nano.a(lib_a-strlen.o)
                0x080001ec                strlen
 *fill*         0x080001fc        0x4 
 .text          0x08000200       0xa0 c:/program files (x86)/gnu tools arm embedded/5.4 2016q3/bin/../lib/gcc/arm-none-eabi/5.4.1/../../../../arm-none-eabi/lib/armv7e-m/fpu\libc_nano.a(lib_a-memchr.o)
                0x08000200                memchr
 .text          0x080002a0      0x370 c:/program files (x86)/gnu tools arm embedded/5.4 2016q3/bin/../lib/gcc/arm-none-eabi/5.4.1/armv7e-m/fpu\libgcc.a(_arm_addsubdf3.o)
                0x080002a0                __aeabi_drsub
                0x080002a8                __aeabi_dsub
                0x080002a8                __subdf3
                0x080002ac                __aeabi_dadd
                0x080002ac                __adddf3
                0x08000524                __floatunsidf
                0x08000524                __aeabi_ui2d
                0x08000544                __floatsidf
                0x08000544                __aeabi_i2d
                0x08000568                __aeabi_f2d
                0x08000568                __extendsfdf2
                0x080005a4                __floatundidf
                0x080005a4                __aeabi_ul2d
                0x080005b4                __floatdidf
                0x080005b4                __aeabi_l2d
 .text          0x08000610      0x424 c:/program files (x86)/gnu tools arm embedded/5.4 2016q3/bin/../lib/gcc/arm-none-eabi/5.4.1/armv7e-m/fpu\libgcc.a(_arm_muldivdf3.o)
                0x08000610                __aeabi_dmul
                0x08000610                __muldf3
                0x08000864                __divdf3
                0x08000864                __aeabi_ddiv
 .text          0x08000a34       0x50 c:/program files (x86)/gnu tools arm embedded/5.4 2016q3/bin/../lib/gcc/arm-none-eabi/5.4.1/armv7e-m/fpu\libgcc.a(_arm_fixdfsi.o)
                0x08000a34                __aeabi_d2iz
                0x08000a34                __fixdfsi
 .text          0x08000a84       0x40 c:/program files (x86)/gnu tools arm embedded/5.4 2016q3/bin/../lib/gcc/arm-none-eabi/5.4.1/armv7e-m/fpu\libgcc.a(_arm_fixunsdfsi.o)
                0x08000a84                __aeabi_d2uiz
                0x08000a84                __fixunsdfsi
 .text          0x08000ac4       0x30 c:/program files (x86)/gnu tools arm embedded/5.4 2016q3/bin/../lib/gcc/arm-none-eabi/5.4.1/armv7e-m/fpu\libgcc.a(_aeabi_uldivmod.o)
                0x08000ac4                __aeabi_uldivmod
 .text          0x08000af4      0x2e4 c:/program files (x86)/gnu tools arm embedded/5.4 2016q3/bin/../lib/gcc/arm-none-eabi/5.4.1/armv7e-m/fpu\libgcc.a(_udivmoddi4.o)
                0x08000af4                __udivmoddi4
 .text          0x08000dd8        0x4 c:/program files (x86)/gnu tools arm embedded/5.4 2016q3/bin/../lib/gcc/arm-none-eabi/5.4.1/armv7e-m/fpu\libgcc.a(_dvmd_tls.o)
                0x08000dd8                __aeabi_idiv0
                0x08000dd8                __aeabi_ldiv0
 *(.text*)
 .text.HAL_InitTick
                0x08000ddc       0x50 ./Drivers/STM32L4xx_HAL_Driver/Src/stm32l4xx_hal.o
                0x08000ddc                HAL_InitTick
 .text.HAL_Init
                0x08000e2c       0x1c ./Drivers/STM32L4xx_HAL_Driver/Src/stm32l4xx_hal.o
                0x08000e2c                HAL_Init
 .text.HAL_IncTick
                0x08000e48       0x18 ./Drivers/STM32L4xx_HAL_Driver/Src/stm32l4xx_hal.o
                0x08000e48                HAL_IncTick
 .text.HAL_GetTick
                0x08000e60        0xc ./Drivers/STM32L4xx_HAL_Driver/Src/stm32l4xx_hal.o
                0x08000e60                HAL_GetTick
 .text.HAL_ADC_Init
                0x08000e6c      0x1c4 ./Drivers/STM32L4xx_HAL_Driver/Src/stm32l4xx_hal_adc.o
                0x08000e6c                HAL_ADC_Init
 .text.HAL_ADC_PollForEvent
                0x08001030       0xdc ./Drivers/STM32L4xx_HAL_Driver/Src/stm32l4xx_hal_adc.o
                0x08001030                HAL_ADC_PollForEvent
 .text.ADC_DMAHalfConvCplt
                0x0800110c        0xc ./Drivers/STM32L4xx_HAL_Driver/Src/stm32l4xx_hal_adc.o
                0x0800110c                ADC_DMAHalfConvCplt
 .text.ADC_DMAConvCplt
                0x08001118       0x88 ./Drivers/STM32L4xx_HAL_Driver/Src/stm32l4xx_hal_adc.o
                0x08001118                ADC_DMAConvCplt
 .text.ADC_DMAError
                0x080011a0       0x1c ./Drivers/STM32L4xx_HAL_Driver/Src/stm32l4xx_hal_adc.o
                0x080011a0                ADC_DMAError
 .text.HAL_ADC_ConfigChannel
                0x080011bc      0x3e8 ./Drivers/STM32L4xx_HAL_Driver/Src/stm32l4xx_hal_adc.o
                0x080011bc                HAL_ADC_ConfigChannel
 .text.ADC_Enable
                0x080015a4       0x90 ./Drivers/STM32L4xx_HAL_Driver/Src/stm32l4xx_hal_adc.o
                0x080015a4                ADC_Enable
 .text.HAL_ADC_Start
                0x08001634       0x8c ./Drivers/STM32L4xx_HAL_Driver/Src/stm32l4xx_hal_adc.o
                0x08001634                HAL_ADC_Start
 .text.HAL_ADC_Start_DMA
                0x080016c0       0xbc ./Drivers/STM32L4xx_HAL_Driver/Src/stm32l4xx_hal_adc.o
                0x080016c0                HAL_ADC_Start_DMA
 .text.ADC_Disable
                0x0800177c       0x88 ./Drivers/STM32L4xx_HAL_Driver/Src/stm32l4xx_hal_adc.o
                0x0800177c                ADC_Disable
 .text.HAL_ADCEx_Calibration_Start
                0x08001804       0xa4 ./Drivers/STM32L4xx_HAL_Driver/Src/stm32l4xx_hal_adc_ex.o
                0x08001804                HAL_ADCEx_Calibration_Start
 .text.HAL_NVIC_SetPriorityGrouping
                0x080018a8       0x24 ./Drivers/STM32L4xx_HAL_Driver/Src/stm32l4xx_hal_cortex.o
                0x080018a8                HAL_NVIC_SetPriorityGrouping
 .text.HAL_NVIC_SetPriority
                0x080018cc       0x64 ./Drivers/STM32L4xx_HAL_Driver/Src/stm32l4xx_hal_cortex.o
                0x080018cc                HAL_NVIC_SetPriority
 .text.HAL_NVIC_EnableIRQ
                0x08001930       0x1c ./Drivers/STM32L4xx_HAL_Driver/Src/stm32l4xx_hal_cortex.o
                0x08001930                HAL_NVIC_EnableIRQ
 .text.HAL_SYSTICK_Config
                0x0800194c       0x2c ./Drivers/STM32L4xx_HAL_Driver/Src/stm32l4xx_hal_cortex.o
                0x0800194c                HAL_SYSTICK_Config
 .text.CRC_Handle_8
                0x08001978       0x7c ./Drivers/STM32L4xx_HAL_Driver/Src/stm32l4xx_hal_crc.o
 .text.CRC_Handle_16
                0x080019f4       0x34 ./Drivers/STM32L4xx_HAL_Driver/Src/stm32l4xx_hal_crc.o
 .text.HAL_CRC_Init
                0x08001a28       0x84 ./Drivers/STM32L4xx_HAL_Driver/Src/stm32l4xx_hal_crc.o
                0x08001a28                HAL_CRC_Init
 .text.HAL_CRC_Accumulate
                0x08001aac       0x48 ./Drivers/STM32L4xx_HAL_Driver/Src/stm32l4xx_hal_crc.o
                0x08001aac                HAL_CRC_Accumulate
 .text.HAL_CRC_Calculate
                0x08001af4       0x54 ./Drivers/STM32L4xx_HAL_Driver/Src/stm32l4xx_hal_crc.o
                0x08001af4                HAL_CRC_Calculate
 .text.HAL_CRCEx_Polynomial_Set
                0x08001b48       0xcc ./Drivers/STM32L4xx_HAL_Driver/Src/stm32l4xx_hal_crc_ex.o
                0x08001b48                HAL_CRCEx_Polynomial_Set
 .text.HAL_DMA_Init
                0x08001c14       0xfc ./Drivers/STM32L4xx_HAL_Driver/Src/stm32l4xx_hal_dma.o
                0x08001c14                HAL_DMA_Init
 .text.HAL_DMA_Start_IT
                0x08001d10       0x9c ./Drivers/STM32L4xx_HAL_Driver/Src/stm32l4xx_hal_dma.o
                0x08001d10                HAL_DMA_Start_IT
 .text.HAL_DMA_Abort_IT
                0x08001dac       0x50 ./Drivers/STM32L4xx_HAL_Driver/Src/stm32l4xx_hal_dma.o
                0x08001dac                HAL_DMA_Abort_IT
 .text.HAL_DMA_IRQHandler
                0x08001dfc       0xc4 ./Drivers/STM32L4xx_HAL_Driver/Src/stm32l4xx_hal_dma.o
                0x08001dfc                HAL_DMA_IRQHandler
 .text.HAL_FLASH_Unlock
                0x08001ec0       0x28 ./Drivers/STM32L4xx_HAL_Driver/Src/stm32l4xx_hal_flash.o
                0x08001ec0                HAL_FLASH_Unlock
 .text.HAL_FLASH_Lock
                0x08001ee8       0x14 ./Drivers/STM32L4xx_HAL_Driver/Src/stm32l4xx_hal_flash.o
                0x08001ee8                HAL_FLASH_Lock
 .text.HAL_FLASH_OB_Unlock
                0x08001efc       0x28 ./Drivers/STM32L4xx_HAL_Driver/Src/stm32l4xx_hal_flash.o
                0x08001efc                HAL_FLASH_OB_Unlock
 .text.HAL_FLASH_OB_Lock
                0x08001f24       0x14 ./Drivers/STM32L4xx_HAL_Driver/Src/stm32l4xx_hal_flash.o
                0x08001f24                HAL_FLASH_OB_Lock
 .text.FLASH_WaitForLastOperation
                0x08001f38       0x68 ./Drivers/STM32L4xx_HAL_Driver/Src/stm32l4xx_hal_flash.o
                0x08001f38                FLASH_WaitForLastOperation
 .text.HAL_FLASH_OB_Launch
                0x08001fa0       0x1c ./Drivers/STM32L4xx_HAL_Driver/Src/stm32l4xx_hal_flash.o
                0x08001fa0                HAL_FLASH_OB_Launch
 .text.HAL_FLASHEx_OBProgram
                0x08001fbc      0x278 ./Drivers/STM32L4xx_HAL_Driver/Src/stm32l4xx_hal_flash_ex.o
                0x08001fbc                HAL_FLASHEx_OBProgram
 .text.HAL_FLASHEx_OBGetConfig
                0x08002234       0xa0 ./Drivers/STM32L4xx_HAL_Driver/Src/stm32l4xx_hal_flash_ex.o
                0x08002234                HAL_FLASHEx_OBGetConfig
 .text.HAL_GPIO_Init
                0x080022d4      0x1c0 ./Drivers/STM32L4xx_HAL_Driver/Src/stm32l4xx_hal_gpio.o
                0x080022d4                HAL_GPIO_Init
 .text.HAL_GPIO_ReadPin
                0x08002494        0xc ./Drivers/STM32L4xx_HAL_Driver/Src/stm32l4xx_hal_gpio.o
                0x08002494                HAL_GPIO_ReadPin
 .text.HAL_GPIO_WritePin
                0x080024a0        0xc ./Drivers/STM32L4xx_HAL_Driver/Src/stm32l4xx_hal_gpio.o
                0x080024a0                HAL_GPIO_WritePin
 .text.HAL_GPIO_TogglePin
                0x080024ac        0xc ./Drivers/STM32L4xx_HAL_Driver/Src/stm32l4xx_hal_gpio.o
                0x080024ac                HAL_GPIO_TogglePin
 .text.HAL_IWDG_Init
                0x080024b8       0x58 ./Drivers/STM32L4xx_HAL_Driver/Src/stm32l4xx_hal_iwdg.o
                0x080024b8                HAL_IWDG_Init
 .text.HAL_IWDG_Refresh
                0x08002510        0xc ./Drivers/STM32L4xx_HAL_Driver/Src/stm32l4xx_hal_iwdg.o
                0x08002510                HAL_IWDG_Refresh
 .text.HAL_PWR_ConfigPVD
                0x0800251c       0x84 ./Drivers/STM32L4xx_HAL_Driver/Src/stm32l4xx_hal_pwr.o
                0x0800251c                HAL_PWR_ConfigPVD
 .text.HAL_PWR_EnablePVD
                0x080025a0       0x10 ./Drivers/STM32L4xx_HAL_Driver/Src/stm32l4xx_hal_pwr.o
                0x080025a0                HAL_PWR_EnablePVD
 .text.HAL_PWREx_GetVoltageRange
                0x080025b0       0x10 ./Drivers/STM32L4xx_HAL_Driver/Src/stm32l4xx_hal_pwr_ex.o
                0x080025b0                HAL_PWREx_GetVoltageRange
 .text.HAL_PWREx_ControlVoltageScaling
                0x080025c0       0x98 ./Drivers/STM32L4xx_HAL_Driver/Src/stm32l4xx_hal_pwr_ex.o
                0x080025c0                HAL_PWREx_ControlVoltageScaling
 .text.RCC_SetFlashLatencyFromMSIRange
                0x08002658       0x88 ./Drivers/STM32L4xx_HAL_Driver/Src/stm32l4xx_hal_rcc.o
 .text.HAL_RCC_GetSysClockFreq
                0x080026e0       0xac ./Drivers/STM32L4xx_HAL_Driver/Src/stm32l4xx_hal_rcc.o
                0x080026e0                HAL_RCC_GetSysClockFreq
 .text.HAL_RCC_OscConfig
                0x0800278c      0x6c0 ./Drivers/STM32L4xx_HAL_Driver/Src/stm32l4xx_hal_rcc.o
                0x0800278c                HAL_RCC_OscConfig
 .text.HAL_RCC_ClockConfig
                0x08002e4c      0x178 ./Drivers/STM32L4xx_HAL_Driver/Src/stm32l4xx_hal_rcc.o
                0x08002e4c                HAL_RCC_ClockConfig
 .text.HAL_RCC_GetPCLK1Freq
                0x08002fc4       0x24 ./Drivers/STM32L4xx_HAL_Driver/Src/stm32l4xx_hal_rcc.o
                0x08002fc4                HAL_RCC_GetPCLK1Freq
 .text.HAL_RCC_GetPCLK2Freq
                0x08002fe8       0x24 ./Drivers/STM32L4xx_HAL_Driver/Src/stm32l4xx_hal_rcc.o
                0x08002fe8                HAL_RCC_GetPCLK2Freq
 .text.RCCEx_PLLSAI1_Config
                0x0800300c      0x174 ./Drivers/STM32L4xx_HAL_Driver/Src/stm32l4xx_hal_rcc_ex.o
 .text.HAL_RCCEx_PeriphCLKConfig
                0x08003180      0x304 ./Drivers/STM32L4xx_HAL_Driver/Src/stm32l4xx_hal_rcc_ex.o
                0x08003180                HAL_RCCEx_PeriphCLKConfig
 .text.SPI_WaitFlagStateUntilTimeout
                0x08003484       0x8c ./Drivers/STM32L4xx_HAL_Driver/Src/stm32l4xx_hal_spi.o
 .text.SPI_WaitFifoStateUntilTimeout
                0x08003510       0x90 ./Drivers/STM32L4xx_HAL_Driver/Src/stm32l4xx_hal_spi.o
 .text.SPI_EndRxTxTransaction
                0x080035a0       0x68 ./Drivers/STM32L4xx_HAL_Driver/Src/stm32l4xx_hal_spi.o
 .text.SPI_EndRxTransaction
                0x08003608       0x84 ./Drivers/STM32L4xx_HAL_Driver/Src/stm32l4xx_hal_spi.o
 .text.HAL_SPI_Init
                0x0800368c       0xec ./Drivers/STM32L4xx_HAL_Driver/Src/stm32l4xx_hal_spi.o
                0x0800368c                HAL_SPI_Init
 .text.HAL_SPI_Transmit_IT
                0x08003778       0xa0 ./Drivers/STM32L4xx_HAL_Driver/Src/stm32l4xx_hal_spi.o
                0x08003778                HAL_SPI_Transmit_IT
 .text.HAL_SPI_TransmitReceive_IT
                0x08003818       0xec ./Drivers/STM32L4xx_HAL_Driver/Src/stm32l4xx_hal_spi.o
                0x08003818                HAL_SPI_TransmitReceive_IT
 .text.HAL_SPI_Receive_IT
                0x08003904       0xd8 ./Drivers/STM32L4xx_HAL_Driver/Src/stm32l4xx_hal_spi.o
                0x08003904                HAL_SPI_Receive_IT
 .text.HAL_SPI_ErrorCallback
                0x080039dc        0x4 ./Drivers/STM32L4xx_HAL_Driver/Src/stm32l4xx_hal_spi.o
                0x080039dc                HAL_SPI_ErrorCallback
 .text.SPI_CloseTx_ISR
                0x080039e0       0x58 ./Drivers/STM32L4xx_HAL_Driver/Src/stm32l4xx_hal_spi.o
 .text.SPI_TxISR_8BIT
                0x08003a38       0x24 ./Drivers/STM32L4xx_HAL_Driver/Src/stm32l4xx_hal_spi.o
 .text.SPI_TxISR_16BIT
                0x08003a5c       0x24 ./Drivers/STM32L4xx_HAL_Driver/Src/stm32l4xx_hal_spi.o
 .text.SPI_CloseRx_ISR
                0x08003a80       0x40 ./Drivers/STM32L4xx_HAL_Driver/Src/stm32l4xx_hal_spi.o
 .text.SPI_RxISR_8BIT
                0x08003ac0       0x2c ./Drivers/STM32L4xx_HAL_Driver/Src/stm32l4xx_hal_spi.o
 .text.SPI_RxISR_16BIT
                0x08003aec       0x2c ./Drivers/STM32L4xx_HAL_Driver/Src/stm32l4xx_hal_spi.o
 .text.SPI_CloseRxTx_ISR
                0x08003b18       0x60 ./Drivers/STM32L4xx_HAL_Driver/Src/stm32l4xx_hal_spi.o
 .text.SPI_2linesTxISR_8BIT
                0x08003b78       0x58 ./Drivers/STM32L4xx_HAL_Driver/Src/stm32l4xx_hal_spi.o
 .text.SPI_2linesRxISR_8BIT
                0x08003bd0       0x74 ./Drivers/STM32L4xx_HAL_Driver/Src/stm32l4xx_hal_spi.o
 .text.SPI_2linesTxISR_16BIT
                0x08003c44       0x38 ./Drivers/STM32L4xx_HAL_Driver/Src/stm32l4xx_hal_spi.o
 .text.SPI_2linesRxISR_16BIT
                0x08003c7c       0x3c ./Drivers/STM32L4xx_HAL_Driver/Src/stm32l4xx_hal_spi.o
 .text.HAL_SPI_IRQHandler
                0x08003cb8      0x118 ./Drivers/STM32L4xx_HAL_Driver/Src/stm32l4xx_hal_spi.o
                0x08003cb8                HAL_SPI_IRQHandler
 .text.SPI_DMAAbortOnError
                0x08003dd0       0x14 ./Drivers/STM32L4xx_HAL_Driver/Src/stm32l4xx_hal_spi.o
 .text.TIM_OC1_SetConfig
                0x08003de4       0x88 ./Drivers/STM32L4xx_HAL_Driver/Src/stm32l4xx_hal_tim.o
 .text.TIM_OC3_SetConfig
                0x08003e6c       0x78 ./Drivers/STM32L4xx_HAL_Driver/Src/stm32l4xx_hal_tim.o
 .text.TIM_OC4_SetConfig
                0x08003ee4       0x5c ./Drivers/STM32L4xx_HAL_Driver/Src/stm32l4xx_hal_tim.o
 .text.TIM_OC5_SetConfig
                0x08003f40       0x58 ./Drivers/STM32L4xx_HAL_Driver/Src/stm32l4xx_hal_tim.o
 .text.TIM_OC6_SetConfig
                0x08003f98       0x5c ./Drivers/STM32L4xx_HAL_Driver/Src/stm32l4xx_hal_tim.o
 .text.HAL_TIM_Base_Start
                0x08003ff4       0x30 ./Drivers/STM32L4xx_HAL_Driver/Src/stm32l4xx_hal_tim.o
                0x08003ff4                HAL_TIM_Base_Start
 .text.HAL_TIM_Base_Stop
                0x08004024       0x30 ./Drivers/STM32L4xx_HAL_Driver/Src/stm32l4xx_hal_tim.o
                0x08004024                HAL_TIM_Base_Stop
 .text.HAL_TIM_OC_MspInit
                0x08004054        0x4 ./Drivers/STM32L4xx_HAL_Driver/Src/stm32l4xx_hal_tim.o
                0x08004054                HAL_TIM_OC_MspInit
 .text.HAL_TIM_OnePulse_MspInit
                0x08004058        0x4 ./Drivers/STM32L4xx_HAL_Driver/Src/stm32l4xx_hal_tim.o
                0x08004058                HAL_TIM_OnePulse_MspInit
 .text.TIM_Base_SetConfig
                0x0800405c       0xc0 ./Drivers/STM32L4xx_HAL_Driver/Src/stm32l4xx_hal_tim.o
                0x0800405c                TIM_Base_SetConfig
 .text.HAL_TIM_Base_Init
                0x0800411c       0x38 ./Drivers/STM32L4xx_HAL_Driver/Src/stm32l4xx_hal_tim.o
                0x0800411c                HAL_TIM_Base_Init
 .text.HAL_TIM_OC_Init
                0x08004154       0x38 ./Drivers/STM32L4xx_HAL_Driver/Src/stm32l4xx_hal_tim.o
                0x08004154                HAL_TIM_OC_Init
 .text.HAL_TIM_OnePulse_Init
                0x0800418c       0x4c ./Drivers/STM32L4xx_HAL_Driver/Src/stm32l4xx_hal_tim.o
                0x0800418c                HAL_TIM_OnePulse_Init
 .text.TIM_OC2_SetConfig
                0x080041d8       0x78 ./Drivers/STM32L4xx_HAL_Driver/Src/stm32l4xx_hal_tim.o
                0x080041d8                TIM_OC2_SetConfig
 .text.HAL_TIM_OC_ConfigChannel
                0x08004250       0x78 ./Drivers/STM32L4xx_HAL_Driver/Src/stm32l4xx_hal_tim.o
                0x08004250                HAL_TIM_OC_ConfigChannel
 .text.TIM_ETR_SetConfig
                0x080042c8       0x18 ./Drivers/STM32L4xx_HAL_Driver/Src/stm32l4xx_hal_tim.o
                0x080042c8                TIM_ETR_SetConfig
 .text.HAL_TIM_ConfigClockSource
                0x080042e0      0x150 ./Drivers/STM32L4xx_HAL_Driver/Src/stm32l4xx_hal_tim.o
                0x080042e0                HAL_TIM_ConfigClockSource
 .text.HAL_TIMEx_MasterConfigSynchronization
                0x08004430       0x70 ./Drivers/STM32L4xx_HAL_Driver/Src/stm32l4xx_hal_tim_ex.o
                0x08004430                HAL_TIMEx_MasterConfigSynchronization
 .text.UART_EndRxTransfer
                0x080044a0       0x20 ./Drivers/STM32L4xx_HAL_Driver/Src/stm32l4xx_hal_uart.o
 .text.UART_TxISR_8BIT
                0x080044c0       0x40 ./Drivers/STM32L4xx_HAL_Driver/Src/stm32l4xx_hal_uart.o
 .text.UART_TxISR_16BIT
                0x08004500       0x44 ./Drivers/STM32L4xx_HAL_Driver/Src/stm32l4xx_hal_uart.o
 .text.HAL_UART_Transmit_IT
                0x08004544       0x70 ./Drivers/STM32L4xx_HAL_Driver/Src/stm32l4xx_hal_uart.o
                0x08004544                HAL_UART_Transmit_IT
 .text.HAL_UART_IRQHandler
                0x080045b4      0x190 ./Drivers/STM32L4xx_HAL_Driver/Src/stm32l4xx_hal_uart.o
                0x080045b4                HAL_UART_IRQHandler
 .text.UART_DMAAbortOnError
                0x08004744       0x14 ./Drivers/STM32L4xx_HAL_Driver/Src/stm32l4xx_hal_uart.o
 .text.UART_SetConfig
                0x08004758      0x3b8 ./Drivers/STM32L4xx_HAL_Driver/Src/stm32l4xx_hal_uart.o
                0x08004758                UART_SetConfig
 .text.UART_AdvFeatureConfig
                0x08004b10       0xc8 ./Drivers/STM32L4xx_HAL_Driver/Src/stm32l4xx_hal_uart.o
                0x08004b10                UART_AdvFeatureConfig
 .text.UART_WaitOnFlagUntilTimeout
                0x08004bd8       0xa4 ./Drivers/STM32L4xx_HAL_Driver/Src/stm32l4xx_hal_uart.o
                0x08004bd8                UART_WaitOnFlagUntilTimeout
 .text.HAL_UART_Transmit
                0x08004c7c       0xe8 ./Drivers/STM32L4xx_HAL_Driver/Src/stm32l4xx_hal_uart.o
                0x08004c7c                HAL_UART_Transmit
 .text.UART_CheckIdleState
                0x08004d64       0x68 ./Drivers/STM32L4xx_HAL_Driver/Src/stm32l4xx_hal_uart.o
                0x08004d64                UART_CheckIdleState
 .text.HAL_UART_Init
                0x08004dcc       0x60 ./Drivers/STM32L4xx_HAL_Driver/Src/stm32l4xx_hal_uart.o
                0x08004dcc                HAL_UART_Init
 .text.HAL_UARTEx_WakeupCallback
                0x08004e2c        0x4 ./Drivers/STM32L4xx_HAL_Driver/Src/stm32l4xx_hal_uart_ex.o
                0x08004e2c                HAL_UARTEx_WakeupCallback
 .text.ADC_Process
                0x08004e30      0x338 ./Src/ADC.o
                0x08004e30                ADC_Process
 .text.ADC_Get_Supply_Voltage
                0x08005168       0x18 ./Src/ADC.o
                0x08005168                ADC_Get_Supply_Voltage
 .text.ADC_Get_3V3_Voltage
                0x08005180       0x18 ./Src/ADC.o
                0x08005180                ADC_Get_3V3_Voltage
 .text.ADC_Get_Temperature
                0x08005198       0x18 ./Src/ADC.o
                0x08005198                ADC_Get_Temperature
 .text.ADC_StartupTasksComplete
                0x080051b0       0x10 ./Src/ADC.o
                0x080051b0                ADC_StartupTasksComplete
 .text.HAL_ADC_ConvCpltCallback
                0x080051c0        0xc ./Src/ADC.o
                0x080051c0                HAL_ADC_ConvCpltCallback
 .text.HAL_ADC_ConvHalfCpltCallback
                0x080051cc        0x4 ./Src/ADC.o
                0x080051cc                HAL_ADC_ConvHalfCpltCallback
 .text.HAL_ADC_ErrorCallback
                0x080051d0        0x8 ./Src/ADC.o
                0x080051d0                HAL_ADC_ErrorCallback
 .text.FIFO_GetQueued
                0x080051d8       0x14 ./Src/ByteFIFO.o
                0x080051d8                FIFO_GetQueued
 .text.FIFO_GetFree
                0x080051ec       0x10 ./Src/ByteFIFO.o
                0x080051ec                FIFO_GetFree
 .text.FIFO_Enqueue
                0x080051fc       0x30 ./Src/ByteFIFO.o
                0x080051fc                FIFO_Enqueue
 .text.FIFO_Dequeue
                0x0800522c       0x34 ./Src/ByteFIFO.o
                0x0800522c                FIFO_Dequeue
 .text.FIFO_Peek
                0x08005260       0x3c ./Src/ByteFIFO.o
                0x08005260                FIFO_Peek
 .text.FIFO_GetIterator
                0x0800529c       0x14 ./Src/ByteFIFO.o
                0x0800529c                FIFO_GetIterator
 .text.FIFO_Iterate
                0x080052b0       0x3c ./Src/ByteFIFO.o
                0x080052b0                FIFO_Iterate
 .text.CRC16    0x080052ec       0x34 ./Src/CRC.o
                0x080052ec                CRC16
 .text.Command_UART_RxISR_8BIT
                0x08005320       0x3c ./Src/Command.o
                0x08005320                Command_UART_RxISR_8BIT
 .text.Command_UART_ErrorCallback
                0x0800535c        0xc ./Src/Command.o
                0x0800535c                Command_UART_ErrorCallback
 .text.Command_CollectRS232Input
                0x08005368       0xb4 ./Src/Command.o
                0x08005368                Command_CollectRS232Input
 .text.Command_ClearInputBuffer
                0x0800541c       0x1c ./Src/Command.o
                0x0800541c                Command_ClearInputBuffer
 .text.Command_UART_Receive_IT
                0x08005438       0xa8 ./Src/Command.o
                0x08005438                Command_UART_Receive_IT
 .text.Command_PrepareForInput
                0x080054e0       0x14 ./Src/Command.o
                0x080054e0                Command_PrepareForInput
 .text.Command_Process
                0x080054f4      0x2ec ./Src/Command.o
                0x080054f4                Command_Process
 .text.Configuration_Init
                0x080057e0       0x68 ./Src/Configuration.o
                0x080057e0                Configuration_Init
 .text.Configuration_Process
                0x08005848       0x98 ./Src/Configuration.o
                0x08005848                Configuration_Process
 .text.Configuration_GetModbusAddress
                0x080058e0        0xc ./Src/Configuration.o
                0x080058e0                Configuration_GetModbusAddress
 .text.Configuration_GetBaudRate
                0x080058ec        0xc ./Src/Configuration.o
                0x080058ec                Configuration_GetBaudRate
 .text.Configuration_IsBaudRate19200
                0x080058f8       0x14 ./Src/Configuration.o
                0x080058f8                Configuration_IsBaudRate19200
 .text.Configuration_GetParity
                0x0800590c        0xc ./Src/Configuration.o
                0x0800590c                Configuration_GetParity
 .text.Configuration_GetStopBits
                0x08005918        0xc ./Src/Configuration.o
                0x08005918                Configuration_GetStopBits
 .text.Configuration_GetWordLength
                0x08005924        0xc ./Src/Configuration.o
                0x08005924                Configuration_GetWordLength
 .text.Configuration_GetMessageLength
                0x08005930       0x18 ./Src/Configuration.o
                0x08005930                Configuration_GetMessageLength
 .text.Configuration_GetFaultRelayMap
                0x08005948        0x8 ./Src/Configuration.o
                0x08005948                Configuration_GetFaultRelayMap
 .text.Configuration_SetFaultRelayMap
                0x08005950       0x24 ./Src/Configuration.o
                0x08005950                Configuration_SetFaultRelayMap
 .text.Configuration_GetFailsafeRelayEnable
                0x08005974        0x8 ./Src/Configuration.o
                0x08005974                Configuration_GetFailsafeRelayEnable
 .text.Configuration_SetFailsafeRelayEnable
                0x0800597c       0x24 ./Src/Configuration.o
                0x0800597c                Configuration_SetFailsafeRelayEnable
 .text.Configuration_GetParameterUnlockCode
                0x080059a0        0xc ./Src/Configuration.o
                0x080059a0                Configuration_GetParameterUnlockCode
 .text.Configuration_SetParameterUnlockCode
                0x080059ac       0x24 ./Src/Configuration.o
                0x080059ac                Configuration_SetParameterUnlockCode
 .text.Configuration_SetManualOverrideEnabled
                0x080059d0       0x24 ./Src/Configuration.o
                0x080059d0                Configuration_SetManualOverrideEnabled
 .text.Configuration_GetManualOverrideEnabled
                0x080059f4        0xc ./Src/Configuration.o
                0x080059f4                Configuration_GetManualOverrideEnabled
 .text.Configuration_SetGreenLED
                0x08005a00       0x30 ./Src/Configuration.o
                0x08005a00                Configuration_SetGreenLED
 .text.Configuration_SetRedLED
                0x08005a30       0x30 ./Src/Configuration.o
                0x08005a30                Configuration_SetRedLED
 .text.Configuration_SetAmberLED
                0x08005a60       0x30 ./Src/Configuration.o
                0x08005a60                Configuration_SetAmberLED
 .text.Configuration_GetGreenLED
                0x08005a90        0xc ./Src/Configuration.o
                0x08005a90                Configuration_GetGreenLED
 .text.Configuration_GetRedLED
                0x08005a9c        0xc ./Src/Configuration.o
                0x08005a9c                Configuration_GetRedLED
 .text.Configuration_GetAmberLED
                0x08005aa8        0xc ./Src/Configuration.o
                0x08005aa8                Configuration_GetAmberLED
 .text.Configuration_GetSwitches
                0x08005ab4        0xc ./Src/Configuration.o
                0x08005ab4                Configuration_GetSwitches
 .text.Configuration_GetMajorVersion
                0x08005ac0        0x4 ./Src/Configuration.o
                0x08005ac0                Configuration_GetMajorVersion
 .text.Configuration_GetMinorVersion
                0x08005ac4        0x4 ./Src/Configuration.o
                0x08005ac4                Configuration_GetMinorVersion
 .text.Configuration_GetBuildVersion
                0x08005ac8        0x4 ./Src/Configuration.o
                0x08005ac8                Configuration_GetBuildVersion
 .text.Configuration_SetRestart
                0x08005acc       0x24 ./Src/Configuration.o
                0x08005acc                Configuration_SetRestart
 .text.Configuration_GetRestart
                0x08005af0        0xc ./Src/Configuration.o
                0x08005af0                Configuration_GetRestart
 .text.Configuration_SetFactoryReset
                0x08005afc       0x24 ./Src/Configuration.o
                0x08005afc                Configuration_SetFactoryReset
 .text.Configuration_GetFactoryReset
                0x08005b20        0xc ./Src/Configuration.o
                0x08005b20                Configuration_GetFactoryReset
 .text.DRV8860_SpecialCommandPulse
                0x08005b2c      0x188 ./Src/DRV8860.o
                0x08005b2c                DRV8860_SpecialCommandPulse
 .text.DRV8860_DataRegisterWrite
                0x08005cb4       0xb4 ./Src/DRV8860.o
                0x08005cb4                DRV8860_DataRegisterWrite
 .text.DRV8860_ControlRegisterWrite
                0x08005d68       0xac ./Src/DRV8860.o
                0x08005d68                DRV8860_ControlRegisterWrite
 .text.DRV8860_ControlRegisterRead
                0x08005e14       0x80 ./Src/DRV8860.o
                0x08005e14                DRV8860_ControlRegisterRead
 .text.DRV8860_DataRegisterRead
                0x08005e94       0x80 ./Src/DRV8860.o
                0x08005e94                DRV8860_DataRegisterRead
 .text.DEBUG_GPIO_INIT
                0x08005f14        0x4 ./Src/Debug.o
                0x08005f14                DEBUG_GPIO_INIT
 .text.EEPROM_GetFaultRegisterMap
                0x08005f18       0x18 ./Src/EEPROM.o
                0x08005f18                EEPROM_GetFaultRegisterMap
 .text.EEPROM_SetFaultRegisterMap
                0x08005f30       0x20 ./Src/EEPROM.o
                0x08005f30                EEPROM_SetFaultRegisterMap
 .text.EEPROM_GetFailsafeRelayEnable
                0x08005f50       0x18 ./Src/EEPROM.o
                0x08005f50                EEPROM_GetFailsafeRelayEnable
 .text.EEPROM_SetFailsafeRelayEnable
                0x08005f68       0x20 ./Src/EEPROM.o
                0x08005f68                EEPROM_SetFailsafeRelayEnable
 .text.EEPROM_SetDefaultEEPROMValues
                0x08005f88       0x10 ./Src/EEPROM.o
                0x08005f88                EEPROM_SetDefaultEEPROMValues
 .text.EEPROM_Process
                0x08005f98       0xf4 ./Src/EEPROM.o
                0x08005f98                EEPROM_Process
 .text.Fault_Activate
                0x0800608c       0x14 ./Src/Fault.o
                0x0800608c                Fault_Activate
 .text.Fault_Clear
                0x080060a0       0x18 ./Src/Fault.o
                0x080060a0                Fault_Clear
 .text.Fault_Set
                0x080060b8       0x10 ./Src/Fault.o
                0x080060b8                Fault_Set
 .text.Fault_Get
                0x080060c8       0x14 ./Src/Fault.o
                0x080060c8                Fault_Get
 .text.Fault_GetAll
                0x080060dc        0xc ./Src/Fault.o
                0x080060dc                Fault_GetAll
 .text.Fault_OK
                0x080060e8       0x10 ./Src/Fault.o
                0x080060e8                Fault_OK
 .text.Fault_NotOK
                0x080060f8       0x10 ./Src/Fault.o
                0x080060f8                Fault_NotOK
 .text.Fault_CRC_Process
                0x08006108       0xcc ./Src/Fault.o
                0x08006108                Fault_CRC_Process
 .text.Fault_CRC_StartupTasksComplete
                0x080061d4        0xc ./Src/Fault.o
                0x080061d4                Fault_CRC_StartupTasksComplete
 .text.LED_CommunicationUpdate
                0x080061e0       0x14 ./Src/LED.o
                0x080061e0                LED_CommunicationUpdate
 .text.LED_Process
                0x080061f4       0xdc ./Src/LED.o
                0x080061f4                LED_Process
 .text.LED_Startup_Process
                0x080062d0       0xf8 ./Src/LED.o
                0x080062d0                LED_Startup_Process
 .text.LED_StartupTasksComplete
                0x080063c8        0xc ./Src/LED.o
                0x080063c8                LED_StartupTasksComplete
 .text.ModbusDataModel_ReadHoldingRegister
                0x080063d4      0x17c ./Src/ModbusDataModel.o
                0x080063d4                ModbusDataModel_ReadHoldingRegister
 .text.ModbusDataModel_WriteHoldingRegister
                0x08006550       0xc0 ./Src/ModbusDataModel.o
                0x08006550                ModbusDataModel_WriteHoldingRegister
 .text.ModbusDataModel_ReadInputRegister
                0x08006610       0x48 ./Src/ModbusDataModel.o
                0x08006610                ModbusDataModel_ReadInputRegister
 .text.ModbusDataModel_ReadObjectIDHelper_Str
                0x08006658       0x4c ./Src/ModbusDataModel.o
                0x08006658                ModbusDataModel_ReadObjectIDHelper_Str
 .text.ModbusDataModel_ReadObjectID
                0x080066a4       0x3c ./Src/ModbusDataModel.o
                0x080066a4                ModbusDataModel_ReadObjectID
 .text.ModbusSlave_GetFIFO
                0x080066e0        0x8 ./Src/ModbusSlave.o
                0x080066e0                ModbusSlave_GetFIFO
 .text.ModbusSlave_Init
                0x080066e8       0x94 ./Src/ModbusSlave.o
                0x080066e8                ModbusSlave_Init
 .text.ModbusByte_IncomingMsgTimeoutFlag
                0x0800677c       0x10 ./Src/ModbusSlave.o
                0x0800677c                ModbusByte_IncomingMsgTimeoutFlag
 .text.ModbusSlave_ConvertToModbusByte
                0x0800678c       0x14 ./Src/ModbusSlave.o
                0x0800678c                ModbusSlave_ConvertToModbusByte
 .text.ModbusSlave_SetupTimerValues
                0x080067a0       0x24 ./Src/ModbusSlave.o
                0x080067a0                ModbusSlave_SetupTimerValues
 .text.ModbusSlave_Debug_StartTimer
                0x080067c4       0x2c ./Src/ModbusSlave.o
                0x080067c4                ModbusSlave_Debug_StartTimer
 .text.ModbusSlave_UART_RxISR_8BIT
                0x080067f0       0x54 ./Src/ModbusSlave.o
                0x080067f0                ModbusSlave_UART_RxISR_8BIT
 .text.ModbusSlave_UART_Receive_IT
                0x08006844       0xa8 ./Src/ModbusSlave.o
                0x08006844                ModbusSlave_UART_Receive_IT
 .text.ModbusSlave_PrepareForInput
                0x080068ec       0x14 ./Src/ModbusSlave.o
                0x080068ec                ModbusSlave_PrepareForInput
 .text.ModbusSlave_PrepareForOutput
                0x08006900       0x40 ./Src/ModbusSlave.o
                0x08006900                ModbusSlave_PrepareForOutput
 .text.HAL_UART_TxCpltCallback
                0x08006940       0x18 ./Src/ModbusSlave.o
                0x08006940                HAL_UART_TxCpltCallback
 .text.ModbusSlave_CheckCRC
                0x08006958       0x38 ./Src/ModbusSlave.o
                0x08006958                ModbusSlave_CheckCRC
 .text.ModbusSlave_CollectInput
                0x08006990       0x94 ./Src/ModbusSlave.o
                0x08006990                ModbusSlave_CollectInput
 .text.ModbusFunction_WriteRegisters
                0x08006a24       0xb4 ./Src/ModbusSlave.o
                0x08006a24                ModbusFunction_WriteRegisters
 .text.ModbusFunction_WriteRegister
                0x08006ad8       0x78 ./Src/ModbusSlave.o
                0x08006ad8                ModbusFunction_WriteRegister
 .text.ModbusFunction_ReadRegisters
                0x08006b50       0x80 ./Src/ModbusSlave.o
                0x08006b50                ModbusFunction_ReadRegisters
 .text.ModbusFunction_AppendObject
                0x08006bd0       0x68 ./Src/ModbusSlave.o
                0x08006bd0                ModbusFunction_AppendObject
 .text.ModbusFunction_ReadDeviceIdentification
                0x08006c38      0x104 ./Src/ModbusSlave.o
                0x08006c38                ModbusFunction_ReadDeviceIdentification
 .text.ModbusSlave_BuildFrame
                0x08006d3c       0x5c ./Src/ModbusSlave.o
                0x08006d3c                ModbusSlave_BuildFrame
 .text.ModbusSlave_BuildResponse
                0x08006d98       0xfc ./Src/ModbusSlave.o
                0x08006d98                ModbusSlave_BuildResponse
 .text.ModbusSlave_CommunicationFaultProcess
                0x08006e94       0x3c ./Src/ModbusSlave.o
                0x08006e94                ModbusSlave_CommunicationFaultProcess
 .text.ModbusSlave_VerifyUSARTReady
                0x08006ed0       0x28 ./Src/ModbusSlave.o
                0x08006ed0                ModbusSlave_VerifyUSARTReady
 .text.ModbusSlave_Process
                0x08006ef8      0x10c ./Src/ModbusSlave.o
                0x08006ef8                ModbusSlave_Process
 .text.OptionByte_Check
                0x08007004       0x44 ./Src/OptionByte.o
                0x08007004                OptionByte_Check
 .text.RAMIntegrity_Run
                0x08007048       0x98 ./Src/RAMIntegrity.o
                0x08007048                RAMIntegrity_Run
 .text.RAMIntegrity_Process
                0x080070e0       0x64 ./Src/RAMIntegrity.o
                0x080070e0                RAMIntegrity_Process
 .text.RAMIntegrity_StartupTasksComplete
                0x08007144       0x10 ./Src/RAMIntegrity.o
                0x08007144                RAMIntegrity_StartupTasksComplete
 .text.Relay_Request
                0x08007154        0xc ./Src/Relay.o
                0x08007154                Relay_Request
 .text.Relay_Process
                0x08007160      0x140 ./Src/Relay.o
                0x08007160                Relay_Process
 .text.Relay_Run_Demo
                0x080072a0       0x14 ./Src/Relay.o
                0x080072a0                Relay_Run_Demo
 .text.Relay_Get
                0x080072b4       0x10 ./Src/Relay.o
                0x080072b4                Relay_Get
 .text.Relay_GetFaulted
                0x080072c4       0x20 ./Src/Relay.o
                0x080072c4                Relay_GetFaulted
 .text.SPIStep_CommandAddress
                0x080072e4       0x2c ./Src/SPIFlash.o
                0x080072e4                SPIStep_CommandAddress
 .text.SPIStep_ReadStatusRegister
                0x08007310       0x24 ./Src/SPIFlash.o
                0x08007310                SPIStep_ReadStatusRegister
 .text.SPIFlash_WriteHelper
                0x08007334       0xb4 ./Src/SPIFlash.o
                0x08007334                SPIFlash_WriteHelper
 .text.SPIFlash_IsFree
                0x080073e8       0x28 ./Src/SPIFlash.o
                0x080073e8                SPIFlash_IsFree
 .text.SPIFlash_Write
                0x08007410       0x40 ./Src/SPIFlash.o
                0x08007410                SPIFlash_Write
 .text.SPIFlash_Read
                0x08007450       0x68 ./Src/SPIFlash.o
                0x08007450                SPIFlash_Read
 .text.SPIFlash_OperationCompleteCallback
                0x080074b8       0x34 ./Src/SPIFlash.o
                0x080074b8                SPIFlash_OperationCompleteCallback
 .text.SPIFlash_Callback
                0x080074ec       0x2c ./Src/SPIFlash.o
                0x080074ec                SPIFlash_Callback
 .text.HAL_SPI_TxCpltCallback
                0x08007518       0x18 ./Src/SPIFlash.o
                0x08007518                HAL_SPI_TxCpltCallback
 .text.HAL_SPI_RxCpltCallback
                0x08007530       0x18 ./Src/SPIFlash.o
                0x08007530                HAL_SPI_RxCpltCallback
 .text.HAL_SPI_TxRxCpltCallback
                0x08007548       0x18 ./Src/SPIFlash.o
                0x08007548                HAL_SPI_TxRxCpltCallback
 .text.SPIFlash_Process
                0x08007560       0x90 ./Src/SPIFlash.o
                0x08007560                SPIFlash_Process
 .text.Switches_Read
                0x080075f0       0x98 ./Src/Switches.o
                0x080075f0                Switches_Read
 .text.HAL_UART_ErrorCallback
                0x08007688       0x14 ./Src/UART.o
                0x08007688                HAL_UART_ErrorCallback
 .text.UUID_Get_ID
                0x0800769c       0x18 ./Src/UUID.o
                0x0800769c                UUID_Get_ID
 .text.delay_us
                0x080076b4       0x10 ./Src/delay.o
                0x080076b4                delay_us
 .text.__io_putchar
                0x080076c4       0x5c ./Src/main.o
                0x080076c4                __io_putchar
 .text.Error_Handler
                0x08007720       0x10 ./Src/main.o
                0x08007720                Error_Handler
 .text.SystemClock_Config
                0x08007730       0xa8 ./Src/main.o
                0x08007730                SystemClock_Config
 .text.main     0x080077d8      0x580 ./Src/main.o
                0x080077d8                main
 .text.HAL_MspInit
                0x08007d58       0x4c ./Src/stm32l4xx_hal_msp.o
                0x08007d58                HAL_MspInit
 .text.HAL_ADC_MspInit
                0x08007da4       0xa0 ./Src/stm32l4xx_hal_msp.o
                0x08007da4                HAL_ADC_MspInit
 .text.HAL_CRC_MspInit
                0x08007e44       0x28 ./Src/stm32l4xx_hal_msp.o
                0x08007e44                HAL_CRC_MspInit
 .text.HAL_SPI_MspInit
                0x08007e6c       0x74 ./Src/stm32l4xx_hal_msp.o
                0x08007e6c                HAL_SPI_MspInit
 .text.HAL_TIM_Base_MspInit
                0x08007ee0       0x24 ./Src/stm32l4xx_hal_msp.o
                0x08007ee0                HAL_TIM_Base_MspInit
 .text.HAL_UART_MspInit
                0x08007f04       0xf4 ./Src/stm32l4xx_hal_msp.o
                0x08007f04                HAL_UART_MspInit
 .text.NMI_Handler
                0x08007ff8        0x4 ./Src/stm32l4xx_it.o
                0x08007ff8                NMI_Handler
 .text.HardFault_Handler
                0x08007ffc        0x4 ./Src/stm32l4xx_it.o
                0x08007ffc                HardFault_Handler
 .text.MemManage_Handler
                0x08008000        0x4 ./Src/stm32l4xx_it.o
                0x08008000                MemManage_Handler
 .text.BusFault_Handler
                0x08008004        0x4 ./Src/stm32l4xx_it.o
                0x08008004                BusFault_Handler
 .text.UsageFault_Handler
                0x08008008        0x4 ./Src/stm32l4xx_it.o
                0x08008008                UsageFault_Handler
 .text.SVC_Handler
                0x0800800c        0x4 ./Src/stm32l4xx_it.o
                0x0800800c                SVC_Handler
 .text.DebugMon_Handler
                0x08008010        0x4 ./Src/stm32l4xx_it.o
                0x08008010                DebugMon_Handler
 .text.PendSV_Handler
                0x08008014        0x4 ./Src/stm32l4xx_it.o
                0x08008014                PendSV_Handler
 .text.SysTick_Handler
                0x08008018        0x8 ./Src/stm32l4xx_it.o
                0x08008018                SysTick_Handler
 .text.DMA1_Channel1_IRQHandler
                0x08008020       0x10 ./Src/stm32l4xx_it.o
                0x08008020                DMA1_Channel1_IRQHandler
 .text.SPI1_IRQHandler
                0x08008030       0x10 ./Src/stm32l4xx_it.o
                0x08008030                SPI1_IRQHandler
 .text.USART1_IRQHandler
                0x08008040       0x10 ./Src/stm32l4xx_it.o
                0x08008040                USART1_IRQHandler
 .text.USART3_IRQHandler
                0x08008050       0x10 ./Src/stm32l4xx_it.o
                0x08008050                USART3_IRQHandler
 .text._read    0x08008060       0x1c ./Src/syscalls.o
                0x08008060                _read
 .text._write   0x0800807c       0x1c ./Src/syscalls.o
                0x0800807c                _write
 .text._close   0x08008098        0x8 ./Src/syscalls.o
                0x08008098                _close
 .text._fstat   0x080080a0        0xc ./Src/syscalls.o
                0x080080a0                _fstat
 .text._isatty  0x080080ac        0x4 ./Src/syscalls.o
                0x080080ac                _isatty
 .text._lseek   0x080080b0        0x4 ./Src/syscalls.o
                0x080080b0                _lseek
 .text._sbrk    0x080080b4       0x38 ./Src/sysmem.o
                0x080080b4                _sbrk
 .text.SystemInit
                0x080080ec       0x48 ./Src/system_stm32l4xx.o
                0x080080ec                SystemInit
 .text.Reset_Handler
                0x08008134       0x50 ./Startup/startup_stm32l431rbtx.o
                0x08008134                Reset_Handler
 .text.Default_Handler
                0x08008184        0x2 ./Startup/startup_stm32l431rbtx.o
                0x08008184                RTC_Alarm_IRQHandler
                0x08008184                EXTI2_IRQHandler
                0x08008184                TIM1_CC_IRQHandler
                0x08008184                TSC_IRQHandler
                0x08008184                TAMP_STAMP_IRQHandler
                0x08008184                EXTI3_IRQHandler
                0x08008184                LPTIM2_IRQHandler
                0x08008184                I2C3_ER_IRQHandler
                0x08008184                EXTI0_IRQHandler
                0x08008184                I2C2_EV_IRQHandler
                0x08008184                CAN1_RX0_IRQHandler
                0x08008184                FPU_IRQHandler
                0x08008184                TIM1_UP_TIM16_IRQHandler
                0x08008184                TIM6_DAC_IRQHandler
                0x08008184                DMA2_Channel2_IRQHandler
                0x08008184                DMA1_Channel4_IRQHandler
                0x08008184                ADC1_IRQHandler
                0x08008184                DMA1_Channel7_IRQHandler
                0x08008184                CAN1_RX1_IRQHandler
                0x08008184                DMA2_Channel1_IRQHandler
                0x08008184                QUADSPI_IRQHandler
                0x08008184                I2C1_EV_IRQHandler
                0x08008184                DMA1_Channel6_IRQHandler
                0x08008184                DMA2_Channel4_IRQHandler
                0x08008184                RCC_IRQHandler
                0x08008184                TIM1_TRG_COM_IRQHandler
                0x08008184                Default_Handler
                0x08008184                DMA2_Channel7_IRQHandler
                0x08008184                EXTI15_10_IRQHandler
                0x08008184                TIM7_IRQHandler
                0x08008184                SDMMC1_IRQHandler
                0x08008184                I2C3_EV_IRQHandler
                0x08008184                EXTI9_5_IRQHandler
                0x08008184                RTC_WKUP_IRQHandler
                0x08008184                PVD_PVM_IRQHandler
                0x08008184                SPI2_IRQHandler
                0x08008184                CAN1_TX_IRQHandler
                0x08008184                DMA2_Channel5_IRQHandler
                0x08008184                CRS_IRQHandler
                0x08008184                DMA1_Channel5_IRQHandler
                0x08008184                EXTI4_IRQHandler
                0x08008184                RNG_IRQHandler
                0x08008184                DMA1_Channel3_IRQHandler
                0x08008184                COMP_IRQHandler
                0x08008184                WWDG_IRQHandler
                0x08008184                LPUART1_IRQHandler
                0x08008184                DMA2_Channel6_IRQHandler
                0x08008184                TIM2_IRQHandler
                0x08008184                EXTI1_IRQHandler
                0x08008184                USART2_IRQHandler
                0x08008184                I2C2_ER_IRQHandler
                0x08008184                DMA1_Channel2_IRQHandler
                0x08008184                CAN1_SCE_IRQHandler
                0x08008184                FLASH_IRQHandler
                0x08008184                SPI3_IRQHandler
                0x08008184                I2C1_ER_IRQHandler
                0x08008184                SWPMI1_IRQHandler
                0x08008184                LPTIM1_IRQHandler
                0x08008184                SAI1_IRQHandler
                0x08008184                DMA2_Channel3_IRQHandler
                0x08008184                TIM1_BRK_TIM15_IRQHandler
 *fill*         0x08008186        0x2 
 .text.__errno  0x08008188        0xc c:/program files (x86)/gnu tools arm embedded/5.4 2016q3/bin/../lib/gcc/arm-none-eabi/5.4.1/../../../../arm-none-eabi/lib/armv7e-m/fpu\libc_nano.a(lib_a-errno.o)
                0x08008188                __errno
 .text.__libc_init_array
                0x08008194       0x4c c:/program files (x86)/gnu tools arm embedded/5.4 2016q3/bin/../lib/gcc/arm-none-eabi/5.4.1/../../../../arm-none-eabi/lib/armv7e-m/fpu\libc_nano.a(lib_a-init.o)
                0x08008194                __libc_init_array
 .text.memcmp   0x080081e0       0x1e c:/program files (x86)/gnu tools arm embedded/5.4 2016q3/bin/../lib/gcc/arm-none-eabi/5.4.1/../../../../arm-none-eabi/lib/armv7e-m/fpu\libc_nano.a(lib_a-memcmp.o)
                0x080081e0                memcmp
 .text.memcpy   0x080081fe       0x16 c:/program files (x86)/gnu tools arm embedded/5.4 2016q3/bin/../lib/gcc/arm-none-eabi/5.4.1/../../../../arm-none-eabi/lib/armv7e-m/fpu\libc_nano.a(lib_a-memcpy-stub.o)
                0x080081fe                memcpy
 .text.memset   0x08008214       0x10 c:/program files (x86)/gnu tools arm embedded/5.4 2016q3/bin/../lib/gcc/arm-none-eabi/5.4.1/../../../../arm-none-eabi/lib/armv7e-m/fpu\libc_nano.a(lib_a-memset.o)
                0x08008214                memset
 .text.printf   0x08008224       0x30 c:/program files (x86)/gnu tools arm embedded/5.4 2016q3/bin/../lib/gcc/arm-none-eabi/5.4.1/../../../../arm-none-eabi/lib/armv7e-m/fpu\libc_nano.a(lib_a-printf.o)
                0x08008224                iprintf
                0x08008224                printf
 .text.putchar  0x08008254       0x28 c:/program files (x86)/gnu tools arm embedded/5.4 2016q3/bin/../lib/gcc/arm-none-eabi/5.4.1/../../../../arm-none-eabi/lib/armv7e-m/fpu\libc_nano.a(lib_a-putchar.o)
                0x08008254                putchar
 .text.setvbuf  0x0800827c      0x154 c:/program files (x86)/gnu tools arm embedded/5.4 2016q3/bin/../lib/gcc/arm-none-eabi/5.4.1/../../../../arm-none-eabi/lib/armv7e-m/fpu\libc_nano.a(lib_a-setvbuf.o)
                0x0800827c                setvbuf
 .text.__sflush_r
                0x080083d0      0x110 c:/program files (x86)/gnu tools arm embedded/5.4 2016q3/bin/../lib/gcc/arm-none-eabi/5.4.1/../../../../arm-none-eabi/lib/armv7e-m/fpu\libc_nano.a(lib_a-fflush.o)
                0x080083d0                __sflush_r
 .text._fflush_r
                0x080084e0       0x54 c:/program files (x86)/gnu tools arm embedded/5.4 2016q3/bin/../lib/gcc/arm-none-eabi/5.4.1/../../../../arm-none-eabi/lib/armv7e-m/fpu\libc_nano.a(lib_a-fflush.o)
                0x080084e0                _fflush_r
 .text._cleanup_r
                0x08008534        0xc c:/program files (x86)/gnu tools arm embedded/5.4 2016q3/bin/../lib/gcc/arm-none-eabi/5.4.1/../../../../arm-none-eabi/lib/armv7e-m/fpu\libc_nano.a(lib_a-findfp.o)
                0x08008534                _cleanup_r
 .text.std.isra.0
                0x08008540       0x48 c:/program files (x86)/gnu tools arm embedded/5.4 2016q3/bin/../lib/gcc/arm-none-eabi/5.4.1/../../../../arm-none-eabi/lib/armv7e-m/fpu\libc_nano.a(lib_a-findfp.o)
 .text.__sfmoreglue
                0x08008588       0x2c c:/program files (x86)/gnu tools arm embedded/5.4 2016q3/bin/../lib/gcc/arm-none-eabi/5.4.1/../../../../arm-none-eabi/lib/armv7e-m/fpu\libc_nano.a(lib_a-findfp.o)
                0x08008588                __sfmoreglue
 .text.__sinit  0x080085b4       0x60 c:/program files (x86)/gnu tools arm embedded/5.4 2016q3/bin/../lib/gcc/arm-none-eabi/5.4.1/../../../../arm-none-eabi/lib/armv7e-m/fpu\libc_nano.a(lib_a-findfp.o)
                0x080085b4                __sinit
 .text.__sfp    0x08008614       0x78 c:/program files (x86)/gnu tools arm embedded/5.4 2016q3/bin/../lib/gcc/arm-none-eabi/5.4.1/../../../../arm-none-eabi/lib/armv7e-m/fpu\libc_nano.a(lib_a-findfp.o)
                0x08008614                __sfp
 .text._fwalk_reent
                0x0800868c       0x3c c:/program files (x86)/gnu tools arm embedded/5.4 2016q3/bin/../lib/gcc/arm-none-eabi/5.4.1/../../../../arm-none-eabi/lib/armv7e-m/fpu\libc_nano.a(lib_a-fwalk.o)
                0x0800868c                _fwalk_reent
 .text.__swhatbuf_r
                0x080086c8       0x46 c:/program files (x86)/gnu tools arm embedded/5.4 2016q3/bin/../lib/gcc/arm-none-eabi/5.4.1/../../../../arm-none-eabi/lib/armv7e-m/fpu\libc_nano.a(lib_a-makebuf.o)
                0x080086c8                __swhatbuf_r
 *fill*         0x0800870e        0x2 
 .text.__smakebuf_r
                0x08008710       0x78 c:/program files (x86)/gnu tools arm embedded/5.4 2016q3/bin/../lib/gcc/arm-none-eabi/5.4.1/../../../../arm-none-eabi/lib/armv7e-m/fpu\libc_nano.a(lib_a-makebuf.o)
                0x08008710                __smakebuf_r
 .text.malloc   0x08008788       0x10 c:/program files (x86)/gnu tools arm embedded/5.4 2016q3/bin/../lib/gcc/arm-none-eabi/5.4.1/../../../../arm-none-eabi/lib/armv7e-m/fpu\libc_nano.a(lib_a-malloc.o)
                0x08008788                malloc
 .text._free_r  0x08008798       0x9c c:/program files (x86)/gnu tools arm embedded/5.4 2016q3/bin/../lib/gcc/arm-none-eabi/5.4.1/../../../../arm-none-eabi/lib/armv7e-m/fpu\libc_nano.a(lib_a-nano-freer.o)
                0x08008798                _free_r
 .text._malloc_r
                0x08008834       0xbc c:/program files (x86)/gnu tools arm embedded/5.4 2016q3/bin/../lib/gcc/arm-none-eabi/5.4.1/../../../../arm-none-eabi/lib/armv7e-m/fpu\libc_nano.a(lib_a-nano-mallocr.o)
                0x08008834                _malloc_r
 .text.__sfputc_r
                0x080088f0       0x30 c:/program files (x86)/gnu tools arm embedded/5.4 2016q3/bin/../lib/gcc/arm-none-eabi/5.4.1/../../../../arm-none-eabi/lib/armv7e-m/fpu\libc_nano.a(lib_a-nano-vfprintf.o)
 .text.__sfputs_r
                0x08008920       0x24 c:/program files (x86)/gnu tools arm embedded/5.4 2016q3/bin/../lib/gcc/arm-none-eabi/5.4.1/../../../../arm-none-eabi/lib/armv7e-m/fpu\libc_nano.a(lib_a-nano-vfprintf.o)
                0x08008920                __sfputs_r
 .text._vfprintf_r
                0x08008944      0x238 c:/program files (x86)/gnu tools arm embedded/5.4 2016q3/bin/../lib/gcc/arm-none-eabi/5.4.1/../../../../arm-none-eabi/lib/armv7e-m/fpu\libc_nano.a(lib_a-nano-vfprintf.o)
                0x08008944                _vfprintf_r
                0x08008944                _vfiprintf_r
 .text._printf_common
                0x08008b7c       0xec c:/program files (x86)/gnu tools arm embedded/5.4 2016q3/bin/../lib/gcc/arm-none-eabi/5.4.1/../../../../arm-none-eabi/lib/armv7e-m/fpu\libc_nano.a(lib_a-nano-vfprintf_i.o)
                0x08008b7c                _printf_common
 .text._printf_i
                0x08008c68      0x24c c:/program files (x86)/gnu tools arm embedded/5.4 2016q3/bin/../lib/gcc/arm-none-eabi/5.4.1/../../../../arm-none-eabi/lib/armv7e-m/fpu\libc_nano.a(lib_a-nano-vfprintf_i.o)
                0x08008c68                _printf_i
 .text._putc_r  0x08008eb4       0x6c c:/program files (x86)/gnu tools arm embedded/5.4 2016q3/bin/../lib/gcc/arm-none-eabi/5.4.1/../../../../arm-none-eabi/lib/armv7e-m/fpu\libc_nano.a(lib_a-putc.o)
                0x08008eb4                _putc_r
 .text._sbrk_r  0x08008f20       0x20 c:/program files (x86)/gnu tools arm embedded/5.4 2016q3/bin/../lib/gcc/arm-none-eabi/5.4.1/../../../../arm-none-eabi/lib/armv7e-m/fpu\libc_nano.a(lib_a-sbrkr.o)
                0x08008f20                _sbrk_r
 .text.__sread  0x08008f40       0x22 c:/program files (x86)/gnu tools arm embedded/5.4 2016q3/bin/../lib/gcc/arm-none-eabi/5.4.1/../../../../arm-none-eabi/lib/armv7e-m/fpu\libc_nano.a(lib_a-stdio.o)
                0x08008f40                __sread
 .text.__swrite
                0x08008f62       0x38 c:/program files (x86)/gnu tools arm embedded/5.4 2016q3/bin/../lib/gcc/arm-none-eabi/5.4.1/../../../../arm-none-eabi/lib/armv7e-m/fpu\libc_nano.a(lib_a-stdio.o)
                0x08008f62                __swrite
 .text.__sseek  0x08008f9a       0x24 c:/program files (x86)/gnu tools arm embedded/5.4 2016q3/bin/../lib/gcc/arm-none-eabi/5.4.1/../../../../arm-none-eabi/lib/armv7e-m/fpu\libc_nano.a(lib_a-stdio.o)
                0x08008f9a                __sseek
 .text.__sclose
                0x08008fbe        0x8 c:/program files (x86)/gnu tools arm embedded/5.4 2016q3/bin/../lib/gcc/arm-none-eabi/5.4.1/../../../../arm-none-eabi/lib/armv7e-m/fpu\libc_nano.a(lib_a-stdio.o)
                0x08008fbe                __sclose
 *fill*         0x08008fc6        0x2 
 .text.__swbuf_r
                0x08008fc8       0xa8 c:/program files (x86)/gnu tools arm embedded/5.4 2016q3/bin/../lib/gcc/arm-none-eabi/5.4.1/../../../../arm-none-eabi/lib/armv7e-m/fpu\libc_nano.a(lib_a-wbuf.o)
                0x08008fc8                __swbuf_r
 .text._write_r
                0x08009070       0x24 c:/program files (x86)/gnu tools arm embedded/5.4 2016q3/bin/../lib/gcc/arm-none-eabi/5.4.1/../../../../arm-none-eabi/lib/armv7e-m/fpu\libc_nano.a(lib_a-writer.o)
                0x08009070                _write_r
 .text.__swsetup_r
                0x08009094       0xdc c:/program files (x86)/gnu tools arm embedded/5.4 2016q3/bin/../lib/gcc/arm-none-eabi/5.4.1/../../../../arm-none-eabi/lib/armv7e-m/fpu\libc_nano.a(lib_a-wsetup.o)
                0x08009094                __swsetup_r
 .text._close_r
                0x08009170       0x20 c:/program files (x86)/gnu tools arm embedded/5.4 2016q3/bin/../lib/gcc/arm-none-eabi/5.4.1/../../../../arm-none-eabi/lib/armv7e-m/fpu\libc_nano.a(lib_a-closer.o)
                0x08009170                _close_r
 .text._fstat_r
                0x08009190       0x24 c:/program files (x86)/gnu tools arm embedded/5.4 2016q3/bin/../lib/gcc/arm-none-eabi/5.4.1/../../../../arm-none-eabi/lib/armv7e-m/fpu\libc_nano.a(lib_a-fstatr.o)
                0x08009190                _fstat_r
 .text._isatty_r
                0x080091b4       0x20 c:/program files (x86)/gnu tools arm embedded/5.4 2016q3/bin/../lib/gcc/arm-none-eabi/5.4.1/../../../../arm-none-eabi/lib/armv7e-m/fpu\libc_nano.a(lib_a-isattyr.o)
                0x080091b4                _isatty_r
 .text._lseek_r
                0x080091d4       0x24 c:/program files (x86)/gnu tools arm embedded/5.4 2016q3/bin/../lib/gcc/arm-none-eabi/5.4.1/../../../../arm-none-eabi/lib/armv7e-m/fpu\libc_nano.a(lib_a-lseekr.o)
                0x080091d4                _lseek_r
 .text.__malloc_lock
                0x080091f8        0x2 c:/program files (x86)/gnu tools arm embedded/5.4 2016q3/bin/../lib/gcc/arm-none-eabi/5.4.1/../../../../arm-none-eabi/lib/armv7e-m/fpu\libc_nano.a(lib_a-mlock.o)
                0x080091f8                __malloc_lock
 .text.__malloc_unlock
                0x080091fa        0x2 c:/program files (x86)/gnu tools arm embedded/5.4 2016q3/bin/../lib/gcc/arm-none-eabi/5.4.1/../../../../arm-none-eabi/lib/armv7e-m/fpu\libc_nano.a(lib_a-mlock.o)
                0x080091fa                __malloc_unlock
 .text._read_r  0x080091fc       0x24 c:/program files (x86)/gnu tools arm embedded/5.4 2016q3/bin/../lib/gcc/arm-none-eabi/5.4.1/../../../../arm-none-eabi/lib/armv7e-m/fpu\libc_nano.a(lib_a-readr.o)
                0x080091fc                _read_r
 *(.glue_7)
 .glue_7        0x08009220        0x0 linker stubs
 *(.glue_7t)
 .glue_7t       0x08009220        0x0 linker stubs
 *(.eh_frame)
 .eh_frame      0x08009220        0x0 c:/program files (x86)/gnu tools arm embedded/5.4 2016q3/bin/../lib/gcc/arm-none-eabi/5.4.1/armv7e-m/fpu/crtbegin.o
 *(.init)
 .init          0x08009220        0x4 c:/program files (x86)/gnu tools arm embedded/5.4 2016q3/bin/../lib/gcc/arm-none-eabi/5.4.1/armv7e-m/fpu/crti.o
                0x08009220                _init
 .init          0x08009224        0x8 c:/program files (x86)/gnu tools arm embedded/5.4 2016q3/bin/../lib/gcc/arm-none-eabi/5.4.1/armv7e-m/fpu/crtn.o
 *(.fini)
 .fini          0x0800922c        0x4 c:/program files (x86)/gnu tools arm embedded/5.4 2016q3/bin/../lib/gcc/arm-none-eabi/5.4.1/armv7e-m/fpu/crti.o
                0x0800922c                _fini
 .fini          0x08009230        0x8 c:/program files (x86)/gnu tools arm embedded/5.4 2016q3/bin/../lib/gcc/arm-none-eabi/5.4.1/armv7e-m/fpu/crtn.o
                0x08009238                . = ALIGN (0x4)
                0x08009238                _etext = .

.vfp11_veneer   0x08009238        0x0
 .vfp11_veneer  0x08009238        0x0 linker stubs

.v4_bx          0x08009238        0x0
 .v4_bx         0x08009238        0x0 linker stubs

.iplt           0x08009238        0x0
 .iplt          0x08009238        0x0 c:/program files (x86)/gnu tools arm embedded/5.4 2016q3/bin/../lib/gcc/arm-none-eabi/5.4.1/armv7e-m/fpu/crtbegin.o

.rodata         0x08009238      0x800
                0x08009238                . = ALIGN (0x4)
 *(.rodata)
 .rodata        0x08009238       0x1f ./Src/ModbusDataModel.o
 *(.rodata*)
 *fill*         0x08009257        0x1 
 .rodata.auchCRCLo
                0x08009258      0x100 ./Src/CRC.o
                0x08009258                auchCRCLo
 .rodata.auchCRCHi
                0x08009358      0x100 ./Src/CRC.o
                0x08009358                auchCRCHi
 .rodata.str1.4
                0x08009458      0x47f ./Src/Command.o
                                0x489 (size before relaxing)
 .rodata.m_nRDSR
                0x080098d7        0x1 ./Src/SPIFlash.o
 .rodata.m_nWREN
                0x080098d8        0x1 ./Src/SPIFlash.o
 *fill*         0x080098d9        0x3 
 .rodata.str1.4
                0x080098dc       0x7c ./Src/main.o
                                 0x79 (size before relaxing)
 .rodata.AHBPrescTable
                0x08009958       0x10 ./Src/system_stm32l4xx.o
                0x08009958                AHBPrescTable
 .rodata.APBPrescTable
                0x08009968        0x8 ./Src/system_stm32l4xx.o
                0x08009968                APBPrescTable
 .rodata.MSIRangeTable
                0x08009970       0x30 ./Src/system_stm32l4xx.o
                0x08009970                MSIRangeTable
 .rodata._global_impure_ptr
                0x080099a0        0x4 c:/program files (x86)/gnu tools arm embedded/5.4 2016q3/bin/../lib/gcc/arm-none-eabi/5.4.1/../../../../arm-none-eabi/lib/armv7e-m/fpu\libc_nano.a(lib_a-impure.o)
                0x080099a0                _global_impure_ptr
 .rodata.__sf_fake_stdin
                0x080099a4       0x20 c:/program files (x86)/gnu tools arm embedded/5.4 2016q3/bin/../lib/gcc/arm-none-eabi/5.4.1/../../../../arm-none-eabi/lib/armv7e-m/fpu\libc_nano.a(lib_a-findfp.o)
                0x080099a4                __sf_fake_stdin
 .rodata.__sf_fake_stdout
                0x080099c4       0x20 c:/program files (x86)/gnu tools arm embedded/5.4 2016q3/bin/../lib/gcc/arm-none-eabi/5.4.1/../../../../arm-none-eabi/lib/armv7e-m/fpu\libc_nano.a(lib_a-findfp.o)
                0x080099c4                __sf_fake_stdout
 .rodata.__sf_fake_stderr
                0x080099e4       0x20 c:/program files (x86)/gnu tools arm embedded/5.4 2016q3/bin/../lib/gcc/arm-none-eabi/5.4.1/../../../../arm-none-eabi/lib/armv7e-m/fpu\libc_nano.a(lib_a-findfp.o)
                0x080099e4                __sf_fake_stderr
 .rodata.str1.1
                0x08009a04       0x11 c:/program files (x86)/gnu tools arm embedded/5.4 2016q3/bin/../lib/gcc/arm-none-eabi/5.4.1/../../../../arm-none-eabi/lib/armv7e-m/fpu\libc_nano.a(lib_a-nano-vfprintf.o)
 .rodata.str1.1
                0x08009a15       0x22 c:/program files (x86)/gnu tools arm embedded/5.4 2016q3/bin/../lib/gcc/arm-none-eabi/5.4.1/../../../../arm-none-eabi/lib/armv7e-m/fpu\libc_nano.a(lib_a-nano-vfprintf_i.o)
                0x08009a38                . = ALIGN (0x4)
 *fill*         0x08009a37        0x1 

.ARM.extab      0x08009a38        0x0
                0x08009a38                . = ALIGN (0x4)
 *(.ARM.extab* .gnu.linkonce.armextab.*)
                0x08009a38                . = ALIGN (0x4)

.ARM            0x08009a38        0x8
                0x08009a38                . = ALIGN (0x4)
                0x08009a38                __exidx_start = .
 *(.ARM.exidx*)
 .ARM.exidx     0x08009a38        0x8 c:/program files (x86)/gnu tools arm embedded/5.4 2016q3/bin/../lib/gcc/arm-none-eabi/5.4.1/armv7e-m/fpu\libgcc.a(_udivmoddi4.o)
                0x08009a40                __exidx_end = .
                0x08009a40                . = ALIGN (0x4)

.rel.dyn        0x08009a40        0x0
 .rel.iplt      0x08009a40        0x0 c:/program files (x86)/gnu tools arm embedded/5.4 2016q3/bin/../lib/gcc/arm-none-eabi/5.4.1/armv7e-m/fpu/crtbegin.o

.preinit_array  0x08009a40        0x0
                0x08009a40                . = ALIGN (0x4)
                0x08009a40                PROVIDE (__preinit_array_start, .)
 *(.preinit_array*)
                0x08009a40                PROVIDE (__preinit_array_end, .)
                0x08009a40                . = ALIGN (0x4)

.init_array     0x08009a40        0x4
                0x08009a40                . = ALIGN (0x4)
                0x08009a40                PROVIDE (__init_array_start, .)
 *(SORT(.init_array.*))
 *(.init_array*)
 .init_array    0x08009a40        0x4 c:/program files (x86)/gnu tools arm embedded/5.4 2016q3/bin/../lib/gcc/arm-none-eabi/5.4.1/armv7e-m/fpu/crtbegin.o
                0x08009a44                PROVIDE (__init_array_end, .)
                0x08009a44                . = ALIGN (0x4)

.fini_array     0x08009a44        0x4
                0x08009a44                . = ALIGN (0x4)
                [!provide]                PROVIDE (__fini_array_start, .)
 *(SORT(.fini_array.*))
 *(.fini_array*)
 .fini_array    0x08009a44        0x4 c:/program files (x86)/gnu tools arm embedded/5.4 2016q3/bin/../lib/gcc/arm-none-eabi/5.4.1/armv7e-m/fpu/crtbegin.o
                [!provide]                PROVIDE (__fini_array_end, .)
                0x08009a48                . = ALIGN (0x4)
                0x08009a48                _sidata = LOADADDR (.data)

.data           0x20000000       0xcc load address 0x08009a48
                0x20000000                . = ALIGN (0x4)
                0x20000000                _sdata = .
 *(.data)
 *(.data*)
 .data.uwTickPrio
                0x20000000        0x4 ./Drivers/STM32L4xx_HAL_Driver/Src/stm32l4xx_hal.o
                0x20000000                uwTickPrio
 .data.uwTickFreq
                0x20000004        0x4 ./Drivers/STM32L4xx_HAL_Driver/Src/stm32l4xx_hal.o
                0x20000004                uwTickFreq
 .data.pFlash   0x20000008       0x20 ./Drivers/STM32L4xx_HAL_Driver/Src/stm32l4xx_hal_flash.o
                0x20000008                pFlash
 .data.m_nADCValuesOK
                0x20000028        0x1 ./Src/ADC.o
 *fill*         0x20000029        0x3 
 .data.m_sCommandBufferFIFO
                0x2000002c       0x14 ./Src/Command.o
 .data.addresses
                0x20000040        0x8 ./Src/Configuration.o
                0x20000040                addresses
 .data.m_eFaultCRCState
                0x20000048        0x1 ./Src/Fault.o
 *fill*         0x20000049        0x3 
 .data.m_nCommunicationTimestamp
                0x2000004c        0x4 ./Src/LED.o
 .data.m_sModbusSlaveBufferFIFO
                0x20000050       0x14 ./Src/ModbusSlave.o
 .data.SystemCoreClock
                0x20000064        0x4 ./Src/system_stm32l4xx.o
                0x20000064                SystemCoreClock
 .data.impure_data
                0x20000068       0x60 c:/program files (x86)/gnu tools arm embedded/5.4 2016q3/bin/../lib/gcc/arm-none-eabi/5.4.1/../../../../arm-none-eabi/lib/armv7e-m/fpu\libc_nano.a(lib_a-impure.o)
 .data._impure_ptr
                0x200000c8        0x4 c:/program files (x86)/gnu tools arm embedded/5.4 2016q3/bin/../lib/gcc/arm-none-eabi/5.4.1/../../../../arm-none-eabi/lib/armv7e-m/fpu\libc_nano.a(lib_a-impure.o)
                0x200000c8                _impure_ptr
                0x200000cc                . = ALIGN (0x4)
                0x200000cc                _edata = .

.jcr            0x200000cc        0x0 load address 0x08009b14
 .jcr           0x200000cc        0x0 c:/program files (x86)/gnu tools arm embedded/5.4 2016q3/bin/../lib/gcc/arm-none-eabi/5.4.1/armv7e-m/fpu/crtbegin.o

.igot.plt       0x200000cc        0x0 load address 0x08009b14
 .igot.plt      0x200000cc        0x0 c:/program files (x86)/gnu tools arm embedded/5.4 2016q3/bin/../lib/gcc/arm-none-eabi/5.4.1/armv7e-m/fpu/crtbegin.o
                0x200000cc                . = ALIGN (0x4)

.bss            0x200000d0      0x7b8 load address 0x08009b14
                0x200000d0                _sbss = .
                0x200000d0                __bss_start__ = _sbss
 *(.bss)
 .bss           0x200000d0       0x1c c:/program files (x86)/gnu tools arm embedded/5.4 2016q3/bin/../lib/gcc/arm-none-eabi/5.4.1/armv7e-m/fpu/crtbegin.o
 *(.bss*)
 .bss.ubSequenceCompleted
                0x200000ec        0x1 ./Src/ADC.o
                0x200000ec                ubSequenceCompleted
 *fill*         0x200000ed        0x1 
 .bss.ADC_3V3_Mon
                0x200000ee        0x2 ./Src/ADC.o
                0x200000ee                ADC_3V3_Mon
 .bss.ADC_Vref  0x200000f0        0x2 ./Src/ADC.o
                0x200000f0                ADC_Vref
 .bss.ADC_24V_Mon
                0x200000f2        0x2 ./Src/ADC.o
                0x200000f2                ADC_24V_Mon
 .bss.ADC_VrefInt
                0x200000f4        0x2 ./Src/ADC.o
                0x200000f4                ADC_VrefInt
 *fill*         0x200000f6        0x2 
 .bss.adcTick.9233
                0x200000f8        0x4 ./Src/ADC.o
 .bss.ADC_Temperature
                0x200000fc        0x2 ./Src/ADC.o
                0x200000fc                ADC_Temperature
 *fill*         0x200000fe        0x2 
 .bss.m_sCommandBufferFIFOsBuffer
                0x20000100       0x10 ./Src/Command.o
 .bss.m_eCommandState
                0x20000110        0x1 ./Src/Command.o
 *fill*         0x20000111        0x3 
 .bss.m_nSerialInputBufferPos
                0x20000114        0x4 ./Src/Command.o
 .bss.m_aSerialInputBuffer
                0x20000118       0x80 ./Src/Command.o
 .bss.m_bReadyToAcceptData
                0x20000198        0x1 ./Src/Command.o
 *fill*         0x20000199        0x3 
 .bss.nModbusSlaveIter.9484
                0x2000019c        0x4 ./Src/Command.o
 .bss.m_sModbusConfiguration
                0x200001a0        0xc ./Src/Configuration.o
                0x200001a0                m_sModbusConfiguration
 .bss.m_sManualOutputConfiguration
                0x200001ac       0x14 ./Src/Configuration.o
                0x200001ac                m_sManualOutputConfiguration
 .bss.m_eEEPROMState
                0x200001c0        0x1 ./Src/EEPROM.o
 *fill*         0x200001c1        0x3 
 .bss.m_nEEPROMConfigurationFaultCntr
                0x200001c4        0x4 ./Src/EEPROM.o
 .bss.m_bEEPROMConfigurationDirty
                0x200001c8        0x1 ./Src/EEPROM.o
 *fill*         0x200001c9        0x3 
 .bss.m_sEEPROMConfiguration
                0x200001cc        0x8 ./Src/EEPROM.o
 .bss.m_sEEPROMConfigurationVerify
                0x200001d4        0x8 ./Src/EEPROM.o
 .bss.m_nFaultCRCSection
                0x200001dc        0x2 ./Src/Fault.o
 .bss.m_bFaultCRCStartupPass
                0x200001de        0x1 ./Src/Fault.o
 *fill*         0x200001df        0x1 
 .bss.m_nFault  0x200001e0        0x2 ./Src/Fault.o
 *fill*         0x200001e2        0x2 
 .bss.m_nCalculatedCRC
                0x200001e4        0x4 ./Src/Fault.o
 .bss.m_nLastSuccessfulCRCPassTimestamp
                0x200001e8        0x4 ./Src/Fault.o
 .bss.m_bStartupTasksComplete
                0x200001ec        0x1 ./Src/LED.o
 *fill*         0x200001ed        0x3 
 .bss.nAmberHeartbeatTimestamp.9395
                0x200001f0        0x4 ./Src/LED.o
 .bss.nGreenToggleTimestamp.9396
                0x200001f4        0x4 ./Src/LED.o
 .bss.m_eStartupTestState
                0x200001f8        0x1 ./Src/LED.o
 *fill*         0x200001f9        0x3 
 .bss.nTimer.9408
                0x200001fc        0x4 ./Src/LED.o
 .bss.m_aModbusSlaveInputBuffer
                0x20000200       0x80 ./Src/ModbusSlave.o
 .bss.m_nModbusSlaveInputBufferPos
                0x20000280        0x4 ./Src/ModbusSlave.o
 .bss.m_sModbusSlaveBufferFIFOsBuffer
                0x20000284      0x180 ./Src/ModbusSlave.o
 .bss.m_bSendingData
                0x20000404        0x1 ./Src/ModbusSlave.o
 .bss.m_bReadyToAcceptData
                0x20000405        0x1 ./Src/ModbusSlave.o
 *fill*         0x20000406        0x2 
 .bss.m_aModbusSlaveOutputBuffer
                0x20000408      0x100 ./Src/ModbusSlave.o
 .bss.m_n15CharTicks
                0x20000508        0x4 ./Src/ModbusSlave.o
 .bss.m_nModbusSlaveOutputBufferPos
                0x2000050c        0x4 ./Src/ModbusSlave.o
 .bss.m_n35CharTicks
                0x20000510        0x4 ./Src/ModbusSlave.o
 .bss.m_eModbusSlaveState
                0x20000514        0x1 ./Src/ModbusSlave.o
 *fill*         0x20000515        0x3 
 .bss.m_nModbusCommunicationTimestamp
                0x20000518        0x4 ./Src/ModbusSlave.o
 .bss.m_nRAMChunk
                0x2000051c        0x4 ./Src/RAMIntegrity.o
 .bss.m_eRAMIntegrityState
                0x20000520        0x1 ./Src/RAMIntegrity.o
 .bss.toggleFlag
                0x20000521        0x1 ./Src/Relay.o
                0x20000521                toggleFlag
 .bss.m_eRelayState
                0x20000522        0x1 ./Src/Relay.o
 *fill*         0x20000523        0x1 
 .bss.m_aCR     0x20000524        0x2 ./Src/Relay.o
 .bss.m_nRelayRequestMap
                0x20000526        0x2 ./Src/Relay.o
 .bss.m_aDR     0x20000528        0x2 ./Src/Relay.o
 .bss.relayPattern
                0x2000052a        0x2 ./Src/Relay.o
                0x2000052a                relayPattern
 .bss.m_aCRVerify
                0x2000052c        0x2 ./Src/Relay.o
                0x2000052c                m_aCRVerify
 *fill*         0x2000052e        0x2 
 .bss.m_aDRVerify
                0x20000530        0x2 ./Src/Relay.o
                0x20000530                m_aDRVerify
 .bss.m_nFaultCounter
                0x20000532        0x1 ./Src/Relay.o
 *fill*         0x20000533        0x1 
 .bss.m_sSPIWriteStatus
                0x20000534       0x10 ./Src/SPIFlash.o
 .bss.m_nSPIStepIndex
                0x20000544        0x4 ./Src/SPIFlash.o
 .bss.m_pSPIPostOperationFuncArgs
                0x20000548        0x4 ./Src/SPIFlash.o
 .bss.m_nSR     0x2000054c        0x1 ./Src/SPIFlash.o
 *fill*         0x2000054d        0x3 
 .bss.m_pSPIPostOperationFunc
                0x20000550        0x4 ./Src/SPIFlash.o
 .bss.m_bSPIOperationInProgress
                0x20000554        0x1 ./Src/SPIFlash.o
 .bss.m_eSPIFlashState
                0x20000555        0x1 ./Src/SPIFlash.o
 *fill*         0x20000556        0x2 
 .bss.m_aCommandBuffer
                0x20000558        0x3 ./Src/SPIFlash.o
 *fill*         0x2000055b        0x1 
 .bss.m_aSPIStep
                0x2000055c       0x80 ./Src/SPIFlash.o
 .bss.switches  0x200005dc        0x1 ./Src/Switches.o
                0x200005dc                switches
 *fill*         0x200005dd        0x1 
 .bss.sequenceIndex
                0x200005de        0x2 ./Src/main.o
                0x200005de                sequenceIndex
 .bss.heap_end.5176
                0x200005e0        0x4 ./Src/sysmem.o
 .bss.__malloc_sbrk_start
                0x200005e4        0x4 c:/program files (x86)/gnu tools arm embedded/5.4 2016q3/bin/../lib/gcc/arm-none-eabi/5.4.1/../../../../arm-none-eabi/lib/armv7e-m/fpu\libc_nano.a(lib_a-nano-mallocr.o)
                0x200005e4                __malloc_sbrk_start
 .bss.__malloc_free_list
                0x200005e8        0x4 c:/program files (x86)/gnu tools arm embedded/5.4 2016q3/bin/../lib/gcc/arm-none-eabi/5.4.1/../../../../arm-none-eabi/lib/armv7e-m/fpu\libc_nano.a(lib_a-nano-mallocr.o)
                0x200005e8                __malloc_free_list
 *(COMMON)
 COMMON         0x200005ec        0x4 ./Drivers/STM32L4xx_HAL_Driver/Src/stm32l4xx_hal.o
                0x200005ec                uwTick
 COMMON         0x200005f0        0x8 ./Src/ADC.o
                0x200005f0                temporary
 COMMON         0x200005f8      0x28c ./Src/main.o
                0x200005f8                huart3
                0x20000678                hiwdg
                0x20000688                hcrc
                0x200006ac                hadc1
                0x20000710                huart1
                0x20000790                hdma_adc1
                0x200007d8                aADCxConvertedValues
                0x200007e0                hspi1
                0x20000844                htim2
 COMMON         0x20000884        0x4 c:/program files (x86)/gnu tools arm embedded/5.4 2016q3/bin/../lib/gcc/arm-none-eabi/5.4.1/../../../../arm-none-eabi/lib/armv7e-m/fpu\libc_nano.a(lib_a-reent.o)
                0x20000884                errno
                0x20000888                . = ALIGN (0x4)
                0x20000888                _ebss = .
                0x20000888                __bss_end__ = _ebss

._user_heap_stack
                0x20000888      0x600 load address 0x08009b14
                0x20000888                . = ALIGN (0x8)
                0x20000888                PROVIDE (end, .)
                [!provide]                PROVIDE (_end, .)
                0x20000a88                . = (. + _Min_Heap_Size)
 *fill*         0x20000888      0x200 
                0x20000e88                . = (. + _Min_Stack_Size)
 *fill*         0x20000a88      0x400 
                0x20000e88                . = ALIGN (0x8)

/DISCARD/
 libc.a(*)
 libm.a(*)
 libgcc.a(*)

.ARM.attributes
                0x00000000       0x30
 *(.ARM.attributes)
 .ARM.attributes
                0x00000000       0x22 c:/program files (x86)/gnu tools arm embedded/5.4 2016q3/bin/../lib/gcc/arm-none-eabi/5.4.1/armv7e-m/fpu/crti.o
 .ARM.attributes
                0x00000022       0x34 c:/program files (x86)/gnu tools arm embedded/5.4 2016q3/bin/../lib/gcc/arm-none-eabi/5.4.1/armv7e-m/fpu/crtbegin.o
 .ARM.attributes
                0x00000056       0x39 ./Drivers/STM32L4xx_HAL_Driver/Src/stm32l4xx_hal.o
 .ARM.attributes
                0x0000008f       0x39 ./Drivers/STM32L4xx_HAL_Driver/Src/stm32l4xx_hal_adc.o
 .ARM.attributes
                0x000000c8       0x39 ./Drivers/STM32L4xx_HAL_Driver/Src/stm32l4xx_hal_adc_ex.o
 .ARM.attributes
                0x00000101       0x39 ./Drivers/STM32L4xx_HAL_Driver/Src/stm32l4xx_hal_cortex.o
 .ARM.attributes
                0x0000013a       0x39 ./Drivers/STM32L4xx_HAL_Driver/Src/stm32l4xx_hal_crc.o
 .ARM.attributes
                0x00000173       0x39 ./Drivers/STM32L4xx_HAL_Driver/Src/stm32l4xx_hal_crc_ex.o
 .ARM.attributes
                0x000001ac       0x39 ./Drivers/STM32L4xx_HAL_Driver/Src/stm32l4xx_hal_dma.o
 .ARM.attributes
                0x000001e5       0x39 ./Drivers/STM32L4xx_HAL_Driver/Src/stm32l4xx_hal_flash.o
 .ARM.attributes
                0x0000021e       0x39 ./Drivers/STM32L4xx_HAL_Driver/Src/stm32l4xx_hal_flash_ex.o
 .ARM.attributes
                0x00000257       0x39 ./Drivers/STM32L4xx_HAL_Driver/Src/stm32l4xx_hal_gpio.o
 .ARM.attributes
                0x00000290       0x39 ./Drivers/STM32L4xx_HAL_Driver/Src/stm32l4xx_hal_iwdg.o
 .ARM.attributes
                0x000002c9       0x39 ./Drivers/STM32L4xx_HAL_Driver/Src/stm32l4xx_hal_pwr.o
 .ARM.attributes
                0x00000302       0x39 ./Drivers/STM32L4xx_HAL_Driver/Src/stm32l4xx_hal_pwr_ex.o
 .ARM.attributes
                0x0000033b       0x39 ./Drivers/STM32L4xx_HAL_Driver/Src/stm32l4xx_hal_rcc.o
 .ARM.attributes
                0x00000374       0x39 ./Drivers/STM32L4xx_HAL_Driver/Src/stm32l4xx_hal_rcc_ex.o
 .ARM.attributes
                0x000003ad       0x39 ./Drivers/STM32L4xx_HAL_Driver/Src/stm32l4xx_hal_spi.o
 .ARM.attributes
                0x000003e6       0x39 ./Drivers/STM32L4xx_HAL_Driver/Src/stm32l4xx_hal_tim.o
 .ARM.attributes
                0x0000041f       0x39 ./Drivers/STM32L4xx_HAL_Driver/Src/stm32l4xx_hal_tim_ex.o
 .ARM.attributes
                0x00000458       0x39 ./Drivers/STM32L4xx_HAL_Driver/Src/stm32l4xx_hal_uart.o
 .ARM.attributes
                0x00000491       0x39 ./Drivers/STM32L4xx_HAL_Driver/Src/stm32l4xx_hal_uart_ex.o
 .ARM.attributes
                0x000004ca       0x39 ./Src/ADC.o
 .ARM.attributes
                0x00000503       0x39 ./Src/ByteFIFO.o
 .ARM.attributes
                0x0000053c       0x39 ./Src/CRC.o
 .ARM.attributes
                0x00000575       0x39 ./Src/Command.o
 .ARM.attributes
                0x000005ae       0x39 ./Src/Configuration.o
 .ARM.attributes
                0x000005e7       0x39 ./Src/DRV8860.o
 .ARM.attributes
                0x00000620       0x39 ./Src/Debug.o
 .ARM.attributes
                0x00000659       0x39 ./Src/EEPROM.o
 .ARM.attributes
                0x00000692       0x39 ./Src/Fault.o
 .ARM.attributes
                0x000006cb       0x39 ./Src/LED.o
 .ARM.attributes
                0x00000704       0x39 ./Src/ModbusDataModel.o
 .ARM.attributes
                0x0000073d       0x39 ./Src/ModbusSlave.o
 .ARM.attributes
                0x00000776       0x39 ./Src/OptionByte.o
 .ARM.attributes
                0x000007af       0x39 ./Src/RAMIntegrity.o
 .ARM.attributes
                0x000007e8       0x39 ./Src/Relay.o
 .ARM.attributes
                0x00000821       0x39 ./Src/SPIFlash.o
 .ARM.attributes
                0x0000085a       0x39 ./Src/Switches.o
 .ARM.attributes
                0x00000893       0x39 ./Src/UART.o
 .ARM.attributes
                0x000008cc       0x39 ./Src/UUID.o
 .ARM.attributes
                0x00000905       0x39 ./Src/delay.o
 .ARM.attributes
                0x0000093e       0x39 ./Src/main.o
 .ARM.attributes
                0x00000977       0x39 ./Src/stm32l4xx_hal_msp.o
 .ARM.attributes
                0x000009b0       0x39 ./Src/stm32l4xx_it.o
 .ARM.attributes
                0x000009e9       0x39 ./Src/syscalls.o
 .ARM.attributes
                0x00000a22       0x39 ./Src/sysmem.o
 .ARM.attributes
                0x00000a5b       0x39 ./Src/system_stm32l4xx.o
 .ARM.attributes
                0x00000a94       0x21 ./Startup/startup_stm32l431rbtx.o
 .ARM.attributes
                0x00000ab5       0x34 c:/program files (x86)/gnu tools arm embedded/5.4 2016q3/bin/../lib/gcc/arm-none-eabi/5.4.1/../../../../arm-none-eabi/lib/armv7e-m/fpu\libc_nano.a(lib_a-errno.o)
 .ARM.attributes
                0x00000ae9       0x34 c:/program files (x86)/gnu tools arm embedded/5.4 2016q3/bin/../lib/gcc/arm-none-eabi/5.4.1/../../../../arm-none-eabi/lib/armv7e-m/fpu\libc_nano.a(lib_a-impure.o)
 .ARM.attributes
                0x00000b1d       0x34 c:/program files (x86)/gnu tools arm embedded/5.4 2016q3/bin/../lib/gcc/arm-none-eabi/5.4.1/../../../../arm-none-eabi/lib/armv7e-m/fpu\libc_nano.a(lib_a-init.o)
 .ARM.attributes
                0x00000b51       0x34 c:/program files (x86)/gnu tools arm embedded/5.4 2016q3/bin/../lib/gcc/arm-none-eabi/5.4.1/../../../../arm-none-eabi/lib/armv7e-m/fpu\libc_nano.a(lib_a-memcmp.o)
 .ARM.attributes
                0x00000b85       0x34 c:/program files (x86)/gnu tools arm embedded/5.4 2016q3/bin/../lib/gcc/arm-none-eabi/5.4.1/../../../../arm-none-eabi/lib/armv7e-m/fpu\libc_nano.a(lib_a-memcpy-stub.o)
 .ARM.attributes
                0x00000bb9       0x34 c:/program files (x86)/gnu tools arm embedded/5.4 2016q3/bin/../lib/gcc/arm-none-eabi/5.4.1/../../../../arm-none-eabi/lib/armv7e-m/fpu\libc_nano.a(lib_a-memset.o)
 .ARM.attributes
                0x00000bed       0x34 c:/program files (x86)/gnu tools arm embedded/5.4 2016q3/bin/../lib/gcc/arm-none-eabi/5.4.1/../../../../arm-none-eabi/lib/armv7e-m/fpu\libc_nano.a(lib_a-printf.o)
 .ARM.attributes
                0x00000c21       0x34 c:/program files (x86)/gnu tools arm embedded/5.4 2016q3/bin/../lib/gcc/arm-none-eabi/5.4.1/../../../../arm-none-eabi/lib/armv7e-m/fpu\libc_nano.a(lib_a-putchar.o)
 .ARM.attributes
                0x00000c55       0x34 c:/program files (x86)/gnu tools arm embedded/5.4 2016q3/bin/../lib/gcc/arm-none-eabi/5.4.1/../../../../arm-none-eabi/lib/armv7e-m/fpu\libc_nano.a(lib_a-setvbuf.o)
 .ARM.attributes
                0x00000c89       0x1b c:/program files (x86)/gnu tools arm embedded/5.4 2016q3/bin/../lib/gcc/arm-none-eabi/5.4.1/../../../../arm-none-eabi/lib/armv7e-m/fpu\libc_nano.a(lib_a-strlen.o)
 .ARM.attributes
                0x00000ca4       0x34 c:/program files (x86)/gnu tools arm embedded/5.4 2016q3/bin/../lib/gcc/arm-none-eabi/5.4.1/../../../../arm-none-eabi/lib/armv7e-m/fpu\libc_nano.a(lib_a-fflush.o)
 .ARM.attributes
                0x00000cd8       0x34 c:/program files (x86)/gnu tools arm embedded/5.4 2016q3/bin/../lib/gcc/arm-none-eabi/5.4.1/../../../../arm-none-eabi/lib/armv7e-m/fpu\libc_nano.a(lib_a-findfp.o)
 .ARM.attributes
                0x00000d0c       0x34 c:/program files (x86)/gnu tools arm embedded/5.4 2016q3/bin/../lib/gcc/arm-none-eabi/5.4.1/../../../../arm-none-eabi/lib/armv7e-m/fpu\libc_nano.a(lib_a-fwalk.o)
 .ARM.attributes
                0x00000d40       0x34 c:/program files (x86)/gnu tools arm embedded/5.4 2016q3/bin/../lib/gcc/arm-none-eabi/5.4.1/../../../../arm-none-eabi/lib/armv7e-m/fpu\libc_nano.a(lib_a-makebuf.o)
 .ARM.attributes
                0x00000d74       0x34 c:/program files (x86)/gnu tools arm embedded/5.4 2016q3/bin/../lib/gcc/arm-none-eabi/5.4.1/../../../../arm-none-eabi/lib/armv7e-m/fpu\libc_nano.a(lib_a-malloc.o)
 .ARM.attributes
                0x00000da8       0x34 c:/program files (x86)/gnu tools arm embedded/5.4 2016q3/bin/../lib/gcc/arm-none-eabi/5.4.1/../../../../arm-none-eabi/lib/armv7e-m/fpu\libc_nano.a(lib_a-nano-freer.o)
 .ARM.attributes
                0x00000ddc       0x34 c:/program files (x86)/gnu tools arm embedded/5.4 2016q3/bin/../lib/gcc/arm-none-eabi/5.4.1/../../../../arm-none-eabi/lib/armv7e-m/fpu\libc_nano.a(lib_a-nano-mallocr.o)
 .ARM.attributes
                0x00000e10       0x34 c:/program files (x86)/gnu tools arm embedded/5.4 2016q3/bin/../lib/gcc/arm-none-eabi/5.4.1/../../../../arm-none-eabi/lib/armv7e-m/fpu\libc_nano.a(lib_a-nano-vfprintf.o)
 .ARM.attributes
                0x00000e44       0x34 c:/program files (x86)/gnu tools arm embedded/5.4 2016q3/bin/../lib/gcc/arm-none-eabi/5.4.1/../../../../arm-none-eabi/lib/armv7e-m/fpu\libc_nano.a(lib_a-nano-vfprintf_i.o)
 .ARM.attributes
                0x00000e78       0x34 c:/program files (x86)/gnu tools arm embedded/5.4 2016q3/bin/../lib/gcc/arm-none-eabi/5.4.1/../../../../arm-none-eabi/lib/armv7e-m/fpu\libc_nano.a(lib_a-putc.o)
 .ARM.attributes
                0x00000eac       0x34 c:/program files (x86)/gnu tools arm embedded/5.4 2016q3/bin/../lib/gcc/arm-none-eabi/5.4.1/../../../../arm-none-eabi/lib/armv7e-m/fpu\libc_nano.a(lib_a-sbrkr.o)
 .ARM.attributes
                0x00000ee0       0x34 c:/program files (x86)/gnu tools arm embedded/5.4 2016q3/bin/../lib/gcc/arm-none-eabi/5.4.1/../../../../arm-none-eabi/lib/armv7e-m/fpu\libc_nano.a(lib_a-stdio.o)
 .ARM.attributes
                0x00000f14       0x34 c:/program files (x86)/gnu tools arm embedded/5.4 2016q3/bin/../lib/gcc/arm-none-eabi/5.4.1/../../../../arm-none-eabi/lib/armv7e-m/fpu\libc_nano.a(lib_a-wbuf.o)
 .ARM.attributes
                0x00000f48       0x34 c:/program files (x86)/gnu tools arm embedded/5.4 2016q3/bin/../lib/gcc/arm-none-eabi/5.4.1/../../../../arm-none-eabi/lib/armv7e-m/fpu\libc_nano.a(lib_a-writer.o)
 .ARM.attributes
                0x00000f7c       0x34 c:/program files (x86)/gnu tools arm embedded/5.4 2016q3/bin/../lib/gcc/arm-none-eabi/5.4.1/../../../../arm-none-eabi/lib/armv7e-m/fpu\libc_nano.a(lib_a-wsetup.o)
 .ARM.attributes
                0x00000fb0       0x34 c:/program files (x86)/gnu tools arm embedded/5.4 2016q3/bin/../lib/gcc/arm-none-eabi/5.4.1/../../../../arm-none-eabi/lib/armv7e-m/fpu\libc_nano.a(lib_a-closer.o)
 .ARM.attributes
                0x00000fe4       0x34 c:/program files (x86)/gnu tools arm embedded/5.4 2016q3/bin/../lib/gcc/arm-none-eabi/5.4.1/../../../../arm-none-eabi/lib/armv7e-m/fpu\libc_nano.a(lib_a-fstatr.o)
 .ARM.attributes